fsl_clock.h:424:20:CLOCK_EnableClock	24	static
fsl_port.h:243:20:PORT_SetPinConfig	32	static
fsl_port.h:346:20:PORT_SetPinMux	24	static
pin_mux.c:96:6:BOARD_InitBootPins	8	static
pin_mux.c:118:6:BOARD_InitPins	8	static
pin_mux.c:144:6:BOARD_InitLEDsPins	32	static
pin_mux.c:232:6:BOARD_InitButtonsPins	24	static
pin_mux.c:300:6:BOARD_InitTSIPins	16	static
pin_mux.c:379:6:BOARD_InitUSBPins	8	static
pin_mux.c:445:6:BOARD_InitACCEL_I2CPins	16	static
pin_mux.c:531:6:BOARD_InitMAGNET_I2CPins	24	static
pin_mux.c:608:6:BOARD_InitDEBUG_UARTPins	16	static
pin_mux.c:670:6:BOARD_InitTHERPins	16	static
pin_mux.c:746:6:BOARD_InitOSCPins	8	static
