Archive member included to satisfy reference by file (symbol)

c:/nxp/mcuxpressoide_11.2.0_4120/ide/plugins/com.nxp.mcuxpresso.tools.win32_11.2.0.202001021529/tools/bin/../lib/gcc/arm-none-eabi/9.2.1/thumb/v6-m/nofp\libgcc.a(_udivsi3.o)
                              ./utilities/fsl_str.o (__aeabi_uidiv)
c:/nxp/mcuxpressoide_11.2.0_4120/ide/plugins/com.nxp.mcuxpresso.tools.win32_11.2.0.202001021529/tools/bin/../lib/gcc/arm-none-eabi/9.2.1/thumb/v6-m/nofp\libgcc.a(_divsi3.o)
                              ./utilities/fsl_str.o (__aeabi_idiv)
c:/nxp/mcuxpressoide_11.2.0_4120/ide/plugins/com.nxp.mcuxpresso.tools.win32_11.2.0.202001021529/tools/bin/../lib/gcc/arm-none-eabi/9.2.1/thumb/v6-m/nofp\libgcc.a(_dvmd_tls.o)
                              c:/nxp/mcuxpressoide_11.2.0_4120/ide/plugins/com.nxp.mcuxpresso.tools.win32_11.2.0.202001021529/tools/bin/../lib/gcc/arm-none-eabi/9.2.1/thumb/v6-m/nofp\libgcc.a(_udivsi3.o) (__aeabi_idiv0)
c:/nxp/mcuxpressoide_11.2.0_4120/ide/plugins/com.nxp.mcuxpresso.tools.win32_11.2.0.202001021529/tools/bin/../lib/gcc/arm-none-eabi/9.2.1/thumb/v6-m/nofp\libgcc.a(_aeabi_uldivmod.o)
                              ./drivers/fsl_common.o (__aeabi_uldivmod)
c:/nxp/mcuxpressoide_11.2.0_4120/ide/plugins/com.nxp.mcuxpresso.tools.win32_11.2.0.202001021529/tools/bin/../lib/gcc/arm-none-eabi/9.2.1/thumb/v6-m/nofp\libgcc.a(_muldi3.o)
                              ./drivers/fsl_common.o (__aeabi_lmul)
c:/nxp/mcuxpressoide_11.2.0_4120/ide/plugins/com.nxp.mcuxpresso.tools.win32_11.2.0.202001021529/tools/bin/../lib/gcc/arm-none-eabi/9.2.1/thumb/v6-m/nofp\libgcc.a(_udivmoddi4.o)
                              c:/nxp/mcuxpressoide_11.2.0_4120/ide/plugins/com.nxp.mcuxpresso.tools.win32_11.2.0.202001021529/tools/bin/../lib/gcc/arm-none-eabi/9.2.1/thumb/v6-m/nofp\libgcc.a(_aeabi_uldivmod.o) (__udivmoddi4)
c:/nxp/mcuxpressoide_11.2.0_4120/ide/plugins/com.nxp.mcuxpresso.tools.win32_11.2.0.202001021529/tools/bin/../lib/gcc/arm-none-eabi/9.2.1/thumb/v6-m/nofp\libgcc.a(adddf3.o)
                              ./source/proj_ses_cpp.o (__aeabi_dadd)
c:/nxp/mcuxpressoide_11.2.0_4120/ide/plugins/com.nxp.mcuxpresso.tools.win32_11.2.0.202001021529/tools/bin/../lib/gcc/arm-none-eabi/9.2.1/thumb/v6-m/nofp\libgcc.a(muldf3.o)
                              ./source/proj_ses_cpp.o (__aeabi_dmul)
c:/nxp/mcuxpressoide_11.2.0_4120/ide/plugins/com.nxp.mcuxpresso.tools.win32_11.2.0.202001021529/tools/bin/../lib/gcc/arm-none-eabi/9.2.1/thumb/v6-m/nofp\libgcc.a(fixdfsi.o)
                              ./source/proj_ses_cpp.o (__aeabi_d2iz)
c:/nxp/mcuxpressoide_11.2.0_4120/ide/plugins/com.nxp.mcuxpresso.tools.win32_11.2.0.202001021529/tools/bin/../lib/gcc/arm-none-eabi/9.2.1/thumb/v6-m/nofp\libgcc.a(floatsidf.o)
                              ./source/proj_ses_cpp.o (__aeabi_i2d)
c:/nxp/mcuxpressoide_11.2.0_4120/ide/plugins/com.nxp.mcuxpresso.tools.win32_11.2.0.202001021529/tools/bin/../lib/gcc/arm-none-eabi/9.2.1/thumb/v6-m/nofp\libgcc.a(_clzsi2.o)
                              c:/nxp/mcuxpressoide_11.2.0_4120/ide/plugins/com.nxp.mcuxpresso.tools.win32_11.2.0.202001021529/tools/bin/../lib/gcc/arm-none-eabi/9.2.1/thumb/v6-m/nofp\libgcc.a(adddf3.o) (__clzsi2)
c:/nxp/mcuxpressoide_11.2.0_4120/ide/plugins/com.nxp.mcuxpresso.tools.win32_11.2.0.202001021529/tools/bin/../lib/gcc/arm-none-eabi/9.2.1/thumb/v6-m/nofp\libgcc.a(_clzdi2.o)
                              c:/nxp/mcuxpressoide_11.2.0_4120/ide/plugins/com.nxp.mcuxpresso.tools.win32_11.2.0.202001021529/tools/bin/../lib/gcc/arm-none-eabi/9.2.1/thumb/v6-m/nofp\libgcc.a(_udivmoddi4.o) (__clzdi2)
c:/nxp/mcuxpressoide_11.2.0_4120/ide/plugins/com.nxp.mcuxpresso.tools.win32_11.2.0.202001021529/tools/bin/../lib/gcc/arm-none-eabi/9.2.1/../../../../arm-none-eabi/lib/thumb/v6-m/nofp\libc_nano.a(lib_a-assert.o)
                              ./utilities/fsl_debug_console.o (__assert_func)
c:/nxp/mcuxpressoide_11.2.0_4120/ide/plugins/com.nxp.mcuxpresso.tools.win32_11.2.0.202001021529/tools/bin/../lib/gcc/arm-none-eabi/9.2.1/../../../../arm-none-eabi/lib/thumb/v6-m/nofp\libc_nano.a(lib_a-fprintf.o)
                              c:/nxp/mcuxpressoide_11.2.0_4120/ide/plugins/com.nxp.mcuxpresso.tools.win32_11.2.0.202001021529/tools/bin/../lib/gcc/arm-none-eabi/9.2.1/../../../../arm-none-eabi/lib/thumb/v6-m/nofp\libc_nano.a(lib_a-assert.o) (fiprintf)
c:/nxp/mcuxpressoide_11.2.0_4120/ide/plugins/com.nxp.mcuxpresso.tools.win32_11.2.0.202001021529/tools/bin/../lib/gcc/arm-none-eabi/9.2.1/../../../../arm-none-eabi/lib/thumb/v6-m/nofp\libc_nano.a(lib_a-impure.o)
                              c:/nxp/mcuxpressoide_11.2.0_4120/ide/plugins/com.nxp.mcuxpresso.tools.win32_11.2.0.202001021529/tools/bin/../lib/gcc/arm-none-eabi/9.2.1/../../../../arm-none-eabi/lib/thumb/v6-m/nofp\libc_nano.a(lib_a-assert.o) (_impure_ptr)
[...]
Memory Configuration

Name             Origin             Length             Attributes
PROGRAM_FLASH    0x00000000         0x00010000         xr
SRAM             0x1ffff000         0x00004000         xrw
USB_RAM          0x400fe000         0x00000200         xrw
*default*        0x00000000         0xffffffff

Linker script and memory map

LOAD ./utilities/fsl_debug_console.o
LOAD ./utilities/fsl_str.o
LOAD ./startup/startup_mkl27z644.o
LOAD ./source/Fan.o
LOAD ./source/Keyboard.o
LOAD ./source/Led.o
LOAD ./source/cpp_config.o
LOAD ./source/mtb.o
LOAD ./source/proj_ses_cpp.o
LOAD ./source/semihost_hardfault.o
LOAD ./drivers/fsl_clock.o
LOAD ./drivers/fsl_common.o
LOAD ./drivers/fsl_gpio.o
LOAD ./drivers/fsl_i2c.o
LOAD ./drivers/fsl_lpuart.o
LOAD ./drivers/fsl_smc.o
LOAD ./drivers/fsl_tpm.o
LOAD ./drivers/fsl_uart.o
LOAD ./device/system_MKL27Z644.o
LOAD ./component/uart/lpuart_adapter.o
LOAD ./component/timer/tpm_adapter.o
LOAD ./component/serial_manager/serial_manager.o
LOAD ./component/serial_manager/serial_port_uart.o
LOAD ./component/pwm/pwm_tpm_adapter.o
LOAD ./component/lists/generic_list.o
LOAD ./board/board.o
LOAD ./board/clock_config.o
LOAD ./board/peripherals.o
LOAD ./board/pin_mux.o
START GROUP
LOAD c:/nxp/mcuxpressoide_11.2.0_4120/ide/plugins/com.nxp.mcuxpresso.tools.win32_11.2.0.202001021529/tools/bin/../lib/gcc/arm-none-eabi/9.2.1/thumb/v6-m/nofp\libgcc.a
LOAD c:/nxp/mcuxpressoide_11.2.0_4120/ide/plugins/com.nxp.mcuxpresso.tools.win32_11.2.0.202001021529/tools/bin/../lib/gcc/arm-none-eabi/9.2.1/../../../../arm-none-eabi/lib/thumb/v6-m/nofp\libc_nano.a
LOAD c:/nxp/mcuxpressoide_11.2.0_4120/ide/plugins/com.nxp.mcuxpresso.tools.win32_11.2.0.202001021529/tools/bin/../lib/gcc/arm-none-eabi/9.2.1/../../../../arm-none-eabi/lib/thumb/v6-m/nofp\libstdc++_nano.a
LOAD c:/nxp/mcuxpressoide_11.2.0_4120/ide/plugins/com.nxp.mcuxpresso.tools.win32_11.2.0.202001021529/tools/bin/../lib/gcc/arm-none-eabi/9.2.1/../../../../arm-none-eabi/lib/thumb/v6-m/nofp\libm.a
LOAD c:/nxp/mcuxpressoide_11.2.0_4120/ide/plugins/com.nxp.mcuxpresso.tools.win32_11.2.0.202001021529/tools/bin/../lib/gcc/arm-none-eabi/9.2.1/../../../../arm-none-eabi/lib/thumb/v6-m/nofp\libcr_newlib_semihost.a
LOAD c:/nxp/mcuxpressoide_11.2.0_4120/ide/plugins/com.nxp.mcuxpresso.tools.win32_11.2.0.202001021529/tools/bin/../lib/gcc/arm-none-eabi/9.2.1/thumb/v6-m/nofp\crti.o
LOAD c:/nxp/mcuxpressoide_11.2.0_4120/ide/plugins/com.nxp.mcuxpresso.tools.win32_11.2.0.202001021529/tools/bin/../lib/gcc/arm-none-eabi/9.2.1/thumb/v6-m/nofp\crtn.o
LOAD c:/nxp/mcuxpressoide_11.2.0_4120/ide/plugins/com.nxp.mcuxpresso.tools.win32_11.2.0.202001021529/tools/bin/../lib/gcc/arm-none-eabi/9.2.1/thumb/v6-m/nofp\crtbegin.o
LOAD c:/nxp/mcuxpressoide_11.2.0_4120/ide/plugins/com.nxp.mcuxpresso.tools.win32_11.2.0.202001021529/tools/bin/../lib/gcc/arm-none-eabi/9.2.1/thumb/v6-m/nofp\crtend.o
END GROUP
                0x00000000                __base_PROGRAM_FLASH = 0x0
                0x00000000                __base_Flash = 0x0
                0x00010000                __top_PROGRAM_FLASH = 0x10000
                0x00010000                __top_Flash = 0x10000
                0x1ffff000                __base_SRAM = 0x1ffff000
                0x1ffff000                __base_RAM = 0x1ffff000
                0x20003000                __top_SRAM = 0x20003000
                0x20003000                __top_RAM = 0x20003000
                0x400fe000                __base_USB_RAM = 0x400fe000
                0x400fe000                __base_RAM2 = 0x400fe000
                0x400fe200                __top_USB_RAM = 0x400fe200
                0x400fe200                __top_RAM2 = 0x400fe200

.text           0x00000000     0x61cc
 FILL mask 0xff
                0x00000000                __vectors_start__ = ABSOLUTE (.)
 *(SORT_BY_ALIGNMENT(.isr_vector))
 .isr_vector    0x00000000       0xc0 ./startup/startup_mkl27z644.o
                0x00000000                g_pfnVectors
                0x00000000                __Vectors
                0x000000c0                . = ALIGN (0x4)
                0x000000c0                __section_table_start = .
                0x000000c0                __data_section_table = .
                0x000000c0        0x4 LONG 0x61cc LOADADDR (.data)
                0x000000c4        0x4 LONG 0x1ffff080 ADDR (.data)
                0x000000c8        0x4 LONG 0x74 SIZEOF (.data)
                0x000000cc        0x4 LONG 0x61cc LOADADDR (.data_RAM2)
                0x000000d0        0x4 LONG 0x400fe000 ADDR (.data_RAM2)
                0x000000d4        0x4 LONG 0x0 SIZEOF (.data_RAM2)
                0x000000d8                __data_section_table_end = .
                0x000000d8                __bss_section_table = .
                0x000000d8        0x4 LONG 0x1ffff0f4 ADDR (.bss)
                0x000000dc        0x4 LONG 0x98 SIZEOF (.bss)
                0x000000e0        0x4 LONG 0x400fe000 ADDR (.bss_RAM2)
                0x000000e4        0x4 LONG 0x0 SIZEOF (.bss_RAM2)
                0x000000e8                __bss_section_table_end = .
                0x000000e8                __section_table_end = .
 *(SORT_BY_ALIGNMENT(.after_vectors*))
 .after_vectors.reset
                0x000000e8       0x50 ./startup/startup_mkl27z644.o
                0x000000e8                ResetISR
 .after_vectors.init_data
                0x00000138       0x12 ./startup/startup_mkl27z644.o
                0x00000138                data_init(unsigned int, unsigned int, unsigned int)
 .after_vectors.init_bss
                0x0000014a       0x10 ./startup/startup_mkl27z644.o
                0x0000014a                bss_init(unsigned int, unsigned int)
 .after_vectors
                0x0000015a      0x10c ./startup/startup_mkl27z644.o
                0x0000015a                NMI_Handler
                0x0000015e                SVC_Handler
                0x00000160                PendSV_Handler
                0x00000162                SysTick_Handler
                0x00000164                PIT_DriverIRQHandler
                0x00000164                SPI1_DriverIRQHandler
                0x00000164                LPTMR0_DriverIRQHandler
                0x00000164                DMA0_DriverIRQHandler
                0x00000164                Reserved43_DriverIRQHandler
                0x00000164                Reserved39_DriverIRQHandler
                0x00000164                Reserved42_DriverIRQHandler
                0x00000164                DMA2_DriverIRQHandler
                0x00000164                CMP0_DriverIRQHandler
                0x00000164                TPM2_DriverIRQHandler
                0x00000164                ADC0_DriverIRQHandler
                0x00000164                RTC_Seconds_DriverIRQHandler
                0x00000164                LLWU_DriverIRQHandler
                0x00000164                SPI0_DriverIRQHandler
                0x00000164                Reserved45_DriverIRQHandler
                0x00000164                DMA1_DriverIRQHandler
                0x00000164                PORTB_PORTC_PORTD_PORTE_DriverIRQHandler
                0x00000164                PMC_DriverIRQHandler
                0x00000164                FTFA_DriverIRQHandler
                0x00000164                IntDefaultHandler
                0x00000164                USB0_DriverIRQHandler
                0x00000164                Reserved41_DriverIRQHandler
                0x00000164                TPM0_DriverIRQHandler
                0x00000164                RTC_DriverIRQHandler
                0x00000164                TPM1_DriverIRQHandler
                0x00000164                PORTA_DriverIRQHandler
                0x00000164                Reserved20_DriverIRQHandler
                0x00000164                DMA3_DriverIRQHandler
                0x00000164                UART2_FLEXIO_DriverIRQHandler
                0x00000166                DMA0_IRQHandler
                0x0000016e                DMA1_IRQHandler
                0x00000176                DMA2_IRQHandler
                0x0000017e                DMA3_IRQHandler
                0x00000186                Reserved20_IRQHandler
                0x0000018e                FTFA_IRQHandler
                0x00000196                PMC_IRQHandler
                0x0000019e                LLWU_IRQHandler
                0x000001a6                I2C0_IRQHandler
                0x000001ae                I2C1_IRQHandler
                0x000001b6                SPI0_IRQHandler
                0x000001be                SPI1_IRQHandler
                0x000001c6                LPUART0_IRQHandler
                0x000001ce                LPUART1_IRQHandler
                0x000001d6                UART2_FLEXIO_IRQHandler
                0x000001de                ADC0_IRQHandler
                0x000001e6                CMP0_IRQHandler
                0x000001f6                TPM1_IRQHandler
                0x000001fe                TPM2_IRQHandler
                0x00000206                RTC_IRQHandler
                0x0000020e                RTC_Seconds_IRQHandler
                0x00000216                PIT_IRQHandler
                0x0000021e                Reserved39_IRQHandler
                0x00000226                USB0_IRQHandler
                0x0000022e                Reserved41_IRQHandler
                0x00000236                Reserved42_IRQHandler
                0x0000023e                Reserved43_IRQHandler
                0x00000246                LPTMR0_IRQHandler
                0x0000024e                Reserved45_IRQHandler
                0x00000256                PORTA_IRQHandler
                0x0000025e                PORTB_PORTC_PORTD_PORTE_IRQHandler
                0x00000400                . = 0x400
 *fill*         0x00000266      0x19a ff
                0x00000400                PROVIDE (__FLASH_CONFIG_START__ = .)
 *(SORT_BY_ALIGNMENT(.FlashConfig))
 .FlashConfig   0x00000400       0x10 ./startup/startup_mkl27z644.o
                0x00000410                PROVIDE (__FLASH_CONFIG_END__ = .)
                0x00000001                ASSERT (! ((__FLASH_CONFIG_START__ == __FLASH_CONFIG_END__)), Linker Flash Config Support Enabled, but no .FlashConfig section provided within application)
 *(SORT_BY_ALIGNMENT(.text*))
 .text._ZN8KeyboardC2Ev
                0x00000410       0xb8 ./source/Keyboard.o
                0x00000410                Keyboard::Keyboard()
                0x00000410                Keyboard::Keyboard()
 .text._ZN8Keyboard6getKeyEv
                0x000004c8       0xf0 ./source/Keyboard.o
                0x000004c8                Keyboard::getKey()
 .text._Z10resetInputPiS_
                0x000005b8       0x40 ./source/proj_ses_cpp.o
                0x000005b8                resetInput(int*, int*)
 .text._Z4lockv
                0x000005f8       0x30 ./source/proj_ses_cpp.o
                0x000005f8                lock()
 .text._Z6unlockv
                0x00000628       0x30 ./source/proj_ses_cpp.o
                0x00000628                unlock()
 .text.main     0x00000658      0x23c ./source/proj_ses_cpp.o
                0x00000658                main
 .text.HardFault_Handler
                0x00000894       0x30 ./source/semihost_hardfault.o
                0x00000894                HardFault_Handler
 .text.CLOCK_EnableClock
                0x000008c4       0x34 ./drivers/fsl_clock.o
 .text.CLOCK_DisableClock
                0x000008f8       0x38 ./drivers/fsl_clock.o
 .text.CLOCK_SetEr32kClock
                0x00000930       0x34 ./drivers/fsl_clock.o
 .text.CLOCK_GetLircClkFreq
                0x00000964       0x50 ./drivers/fsl_clock.o
 .text.CLOCK_GetOscRangeFromFreq
                0x000009b4       0x4c ./drivers/fsl_clock.o
 .text.CLOCK_GetOsc0ErClkFreq
                0x00000a00       0x50 ./drivers/fsl_clock.o
                0x00000a00                CLOCK_GetOsc0ErClkFreq
 .text.CLOCK_GetEr32kClkFreq
                0x00000a50       0x84 ./drivers/fsl_clock.o
                0x00000a50                CLOCK_GetEr32kClkFreq
 .text.CLOCK_GetFreq
                0x00000ad4       0xc0 ./drivers/fsl_clock.o
                0x00000ad4                CLOCK_GetFreq
 .text.CLOCK_SetSimConfig
                0x00000b94       0x2c ./drivers/fsl_clock.o
                0x00000b94                CLOCK_SetSimConfig
 .text.CLOCK_EnableUsbfs0Clock
                0x00000bc0       0x9c ./drivers/fsl_clock.o
                0x00000bc0                CLOCK_EnableUsbfs0Clock
 .text.CLOCK_GetInternalRefClkFreq
                0x00000c5c       0x48 ./drivers/fsl_clock.o
                0x00000c5c                CLOCK_GetInternalRefClkFreq
 .text.CLOCK_GetPeriphClkFreq
                0x00000ca4       0x3c ./drivers/fsl_clock.o
                0x00000ca4                CLOCK_GetPeriphClkFreq
 .text.CLOCK_GetOutClkFreq
                0x00000ce0       0x88 ./drivers/fsl_clock.o
                0x00000ce0                CLOCK_GetOutClkFreq
 .text.CLOCK_SetMcgliteConfig
                0x00000d68      0x120 ./drivers/fsl_clock.o
                0x00000d68                CLOCK_SetMcgliteConfig
 .text.CLOCK_InitOsc0
                0x00000e88       0x94 ./drivers/fsl_clock.o
                0x00000e88                CLOCK_InitOsc0
 .text.GPIO_PinInit
                0x00000f1c       0x74 ./drivers/fsl_gpio.o
                0x00000f1c                GPIO_PinInit
 .text.I2C_TransferCommonIRQHandler
                0x00000f90       0x64 ./drivers/fsl_i2c.o
 .text.I2C0_DriverIRQHandler
                0x00000ff4       0x20 ./drivers/fsl_i2c.o
                0x00000ff4                I2C0_DriverIRQHandler
 .text.I2C1_DriverIRQHandler
                0x00001014       0x20 ./drivers/fsl_i2c.o
                0x00001014                I2C1_DriverIRQHandler
 .text.LPUART0_DriverIRQHandler
                0x00001034       0x24 ./drivers/fsl_lpuart.o
                0x00001034                LPUART0_DriverIRQHandler
 .text.LPUART1_DriverIRQHandler
                0x00001058       0x24 ./drivers/fsl_lpuart.o
                0x00001058                LPUART1_DriverIRQHandler
 .text.SystemInit
                0x0000107c       0x40 ./device/system_MKL27Z644.o
                0x0000107c                SystemInit
 .text.HAL_TimerInterruptHandle
                0x000010bc       0x60 ./component/timer/tpm_adapter.o
 .text.CLOCK_SetLpuart0Clock
                0x0000111c       0x38 ./board/board.o
 .text.CLOCK_SetLpuart0Clock
                0x00001154       0x38 ./board/clock_config.o
 .text.CLOCK_SetLpuart1Clock
                0x0000118c       0x38 ./board/clock_config.o
 .text.CLOCK_SetTpmClock
                0x000011c4       0x38 ./board/clock_config.o
 .text.CLOCK_SetFlexio0Clock
                0x000011fc       0x38 ./board/clock_config.o
 .text.CLOCK_SetClkOutClock
                0x00001234       0x34 ./board/clock_config.o
 .text.CLOCK_SetRtcClkOutClock
                0x00001268       0x34 ./board/clock_config.o
 .text.CLOCK_SetSimSafeDivs
                0x0000129c       0x20 ./board/clock_config.o
 .text.CLOCK_SetXtal0Freq
                0x000012bc       0x1c ./board/clock_config.o
 .text.BOARD_BootClockRUN
                0x000012d8       0x7c ./board/clock_config.o
                0x000012d8                BOARD_BootClockRUN
 .text.CLOCK_EnableClock
                0x00001354       0x34 ./board/pin_mux.o
 .text.PORT_SetPinConfig
                0x00001388       0x44 ./board/pin_mux.o
 .text.PORT_SetPinMux
                0x000013cc       0x40 ./board/pin_mux.o
 .text.BOARD_InitPins
                0x0000140c       0xa8 ./board/pin_mux.o
                0x0000140c                BOARD_InitPins
 .text.BOARD_InitDEBUG_UARTPins
                0x000014b4       0x7c ./board/pin_mux.o
                0x000014b4                BOARD_InitDEBUG_UARTPins
 .text          0x00001530      0x114 c:/nxp/mcuxpressoide_11.2.0_4120/ide/plugins/com.nxp.mcuxpresso.tools.win32_11.2.0.202001021529/tools/bin/../lib/gcc/arm-none-eabi/9.2.1/thumb/v6-m/nofp\libgcc.a(_udivsi3.o)
                0x00001530                __aeabi_uidiv
                0x00001530                __udivsi3
                0x0000163c                __aeabi_uidivmod
 .text          0x00001644      0x1d4 c:/nxp/mcuxpressoide_11.2.0_4120/ide/plugins/com.nxp.mcuxpresso.tools.win32_11.2.0.202001021529/tools/bin/../lib/gcc/arm-none-eabi/9.2.1/thumb/v6-m/nofp\libgcc.a(_divsi3.o)
                0x00001644                __divsi3
                0x00001644                __aeabi_idiv
                0x00001810                __aeabi_idivmod
 .text          0x00001818        0x4 c:/nxp/mcuxpressoide_11.2.0_4120/ide/plugins/com.nxp.mcuxpresso.tools.win32_11.2.0.202001021529/tools/bin/../lib/gcc/arm-none-eabi/9.2.1/thumb/v6-m/nofp\libgcc.a(_dvmd_tls.o)
                0x00001818                __aeabi_idiv0
                0x00001818                __aeabi_ldiv0
 .text          0x0000181c      0x6d4 c:/nxp/mcuxpressoide_11.2.0_4120/ide/plugins/com.nxp.mcuxpresso.tools.win32_11.2.0.202001021529/tools/bin/../lib/gcc/arm-none-eabi/9.2.1/thumb/v6-m/nofp\libgcc.a(adddf3.o)
                0x0000181c                __aeabi_dadd
 .text          0x00001ef0      0x4d8 c:/nxp/mcuxpressoide_11.2.0_4120/ide/plugins/com.nxp.mcuxpresso.tools.win32_11.2.0.202001021529/tools/bin/../lib/gcc/arm-none-eabi/9.2.1/thumb/v6-m/nofp\libgcc.a(muldf3.o)
                0x00001ef0                __aeabi_dmul
 .text          0x000023c8       0x6c c:/nxp/mcuxpressoide_11.2.0_4120/ide/plugins/com.nxp.mcuxpresso.tools.win32_11.2.0.202001021529/tools/bin/../lib/gcc/arm-none-eabi/9.2.1/thumb/v6-m/nofp\libgcc.a(fixdfsi.o)
                0x000023c8                __aeabi_d2iz
 .text          0x00002434       0x60 c:/nxp/mcuxpressoide_11.2.0_4120/ide/plugins/com.nxp.mcuxpresso.tools.win32_11.2.0.202001021529/tools/bin/../lib/gcc/arm-none-eabi/9.2.1/thumb/v6-m/nofp\libgcc.a(floatsidf.o)
                0x00002434                __aeabi_i2d
 .text          0x00002494       0x3c c:/nxp/mcuxpressoide_11.2.0_4120/ide/plugins/com.nxp.mcuxpresso.tools.win32_11.2.0.202001021529/tools/bin/../lib/gcc/arm-none-eabi/9.2.1/thumb/v6-m/nofp\libgcc.a(_clzsi2.o)
                0x00002494                __clzsi2
 .text.__assert_func
                0x000024d0       0x3c c:/nxp/mcuxpressoide_11.2.0_4120/ide/plugins/com.nxp.mcuxpresso.tools.win32_11.2.0.202001021529/tools/bin/../lib/gcc/arm-none-eabi/9.2.1/../../../../arm-none-eabi/lib/thumb/v6-m/nofp\libc_nano.a(lib_a-assert.o)
                0x000024d0                __assert_func
 .text.fprintf  0x0000250c       0x20 c:/nxp/mcuxpressoide_11.2.0_4120/ide/plugins/com.nxp.mcuxpresso.tools.win32_11.2.0.202001021529/tools/bin/../lib/gcc/arm-none-eabi/9.2.1/../../../../arm-none-eabi/lib/thumb/v6-m/nofp\libc_nano.a(lib_a-fprintf.o)
                0x0000250c                fiprintf
                0x0000250c                fprintf
 .text.__libc_init_array
                0x0000252c       0x48 c:/nxp/mcuxpressoide_11.2.0_4120/ide/plugins/com.nxp.mcuxpresso.tools.win32_11.2.0.202001021529/tools/bin/../lib/gcc/arm-none-eabi/9.2.1/../../../../arm-none-eabi/lib/thumb/v6-m/nofp\libc_nano.a(lib_a-init.o)
                0x0000252c                __libc_init_array
 .text.malloc   0x00002574       0x14 c:/nxp/mcuxpressoide_11.2.0_4120/ide/plugins/com.nxp.mcuxpresso.tools.win32_11.2.0.202001021529/tools/bin/../lib/gcc/arm-none-eabi/9.2.1/../../../../arm-none-eabi/lib/thumb/v6-m/nofp\libc_nano.a(lib_a-malloc.o)
                0x00002574                malloc
 .text._free_r  0x00002588       0x94 c:/nxp/mcuxpressoide_11.2.0_4120/ide/plugins/com.nxp.mcuxpresso.tools.win32_11.2.0.202001021529/tools/bin/../lib/gcc/arm-none-eabi/9.2.1/../../../../arm-none-eabi/lib/thumb/v6-m/nofp\libc_nano.a(lib_a-nano-freer.o)
                0x00002588                _free_r
 .text._malloc_r
                0x0000261c       0xbc c:/nxp/mcuxpressoide_11.2.0_4120/ide/plugins/com.nxp.mcuxpresso.tools.win32_11.2.0.202001021529/tools/bin/../lib/gcc/arm-none-eabi/9.2.1/../../../../arm-none-eabi/lib/thumb/v6-m/nofp\libc_nano.a(lib_a-nano-mallocr.o)
                0x0000261c                _malloc_r
 .text._vfprintf_r
                0x000026d8      0x274 c:/nxp/mcuxpressoide_11.2.0_4120/ide/plugins/com.nxp.mcuxpresso.tools.win32_11.2.0.202001021529/tools/bin/../lib/gcc/arm-none-eabi/9.2.1/../../../../arm-none-eabi/lib/thumb/v6-m/nofp\libc_nano.a(lib_a-nano-vfprintf.o)
                0x000026d8                _vfprintf_r
                0x000026d8                _vfiprintf_r
 .text._printf_i
                0x0000294c      0x224 c:/nxp/mcuxpressoide_11.2.0_4120/ide/plugins/com.nxp.mcuxpresso.tools.win32_11.2.0.202001021529/tools/bin/../lib/gcc/arm-none-eabi/9.2.1/../../../../arm-none-eabi/lib/thumb/v6-m/nofp\libc_nano.a(lib_a-nano-vfprintf_i.o)
                0x0000294c                _printf_i
 .text.printf   0x00002b70       0x34 c:/nxp/mcuxpressoide_11.2.0_4120/ide/plugins/com.nxp.mcuxpresso.tools.win32_11.2.0.202001021529/tools/bin/../lib/gcc/arm-none-eabi/9.2.1/../../../../arm-none-eabi/lib/thumb/v6-m/nofp\libc_nano.a(lib_a-printf.o)
                0x00002b70                iprintf
                0x00002b70                printf
 .text._sbrk_r  0x00002ba4       0x24 c:/nxp/mcuxpressoide_11.2.0_4120/ide/plugins/com.nxp.mcuxpresso.tools.win32_11.2.0.202001021529/tools/bin/../lib/gcc/arm-none-eabi/9.2.1/../../../../arm-none-eabi/lib/thumb/v6-m/nofp\libc_nano.a(lib_a-sbrkr.o)
                0x00002ba4                _sbrk_r
 .text.__swbuf_r
                0x00002bc8       0xac c:/nxp/mcuxpressoide_11.2.0_4120/ide/plugins/com.nxp.mcuxpresso.tools.win32_11.2.0.202001021529/tools/bin/../lib/gcc/arm-none-eabi/9.2.1/../../../../arm-none-eabi/lib/thumb/v6-m/nofp\libc_nano.a(lib_a-wbuf.o)
                0x00002bc8                __swbuf_r
 .text.__swsetup_r
                0x00002c74       0xf0 c:/nxp/mcuxpressoide_11.2.0_4120/ide/plugins/com.nxp.mcuxpresso.tools.win32_11.2.0.202001021529/tools/bin/../lib/gcc/arm-none-eabi/9.2.1/../../../../arm-none-eabi/lib/thumb/v6-m/nofp\libc_nano.a(lib_a-wsetup.o)
                0x00002c74                __swsetup_r
 .text.__sflush_r
                0x00002d64      0x118 c:/nxp/mcuxpressoide_11.2.0_4120/ide/plugins/com.nxp.mcuxpresso.tools.win32_11.2.0.202001021529/tools/bin/../lib/gcc/arm-none-eabi/9.2.1/../../../../arm-none-eabi/lib/thumb/v6-m/nofp\libc_nano.a(lib_a-fflush.o)
                0x00002d64                __sflush_r
 .text._fflush_r
                0x00002e7c       0x80 c:/nxp/mcuxpressoide_11.2.0_4120/ide/plugins/com.nxp.mcuxpresso.tools.win32_11.2.0.202001021529/tools/bin/../lib/gcc/arm-none-eabi/9.2.1/../../../../arm-none-eabi/lib/thumb/v6-m/nofp\libc_nano.a(lib_a-fflush.o)
                0x00002e7c                _fflush_r
 .text.std      0x00002efc       0x48 c:/nxp/mcuxpressoide_11.2.0_4120/ide/plugins/com.nxp.mcuxpresso.tools.win32_11.2.0.202001021529/tools/bin/../lib/gcc/arm-none-eabi/9.2.1/../../../../arm-none-eabi/lib/thumb/v6-m/nofp\libc_nano.a(lib_a-findfp.o)
 .text._cleanup_r
                0x00002f44       0x10 c:/nxp/mcuxpressoide_11.2.0_4120/ide/plugins/com.nxp.mcuxpresso.tools.win32_11.2.0.202001021529/tools/bin/../lib/gcc/arm-none-eabi/9.2.1/../../../../arm-none-eabi/lib/thumb/v6-m/nofp\libc_nano.a(lib_a-findfp.o)
                0x00002f44                _cleanup_r
 .text.__sfp_lock_acquire
                0x00002f54       0x10 c:/nxp/mcuxpressoide_11.2.0_4120/ide/plugins/com.nxp.mcuxpresso.tools.win32_11.2.0.202001021529/tools/bin/../lib/gcc/arm-none-eabi/9.2.1/../../../../arm-none-eabi/lib/thumb/v6-m/nofp\libc_nano.a(lib_a-findfp.o)
                0x00002f54                __sfp_lock_acquire
 .text.__sfp_lock_release
                0x00002f64       0x10 c:/nxp/mcuxpressoide_11.2.0_4120/ide/plugins/com.nxp.mcuxpresso.tools.win32_11.2.0.202001021529/tools/bin/../lib/gcc/arm-none-eabi/9.2.1/../../../../arm-none-eabi/lib/thumb/v6-m/nofp\libc_nano.a(lib_a-findfp.o)
                0x00002f64                __sfp_lock_release
 .text.__sinit_lock_acquire
                0x00002f74       0x10 c:/nxp/mcuxpressoide_11.2.0_4120/ide/plugins/com.nxp.mcuxpresso.tools.win32_11.2.0.202001021529/tools/bin/../lib/gcc/arm-none-eabi/9.2.1/../../../../arm-none-eabi/lib/thumb/v6-m/nofp\libc_nano.a(lib_a-findfp.o)
                0x00002f74                __sinit_lock_acquire
 .text.__sinit_lock_release
                0x00002f84       0x10 c:/nxp/mcuxpressoide_11.2.0_4120/ide/plugins/com.nxp.mcuxpresso.tools.win32_11.2.0.202001021529/tools/bin/../lib/gcc/arm-none-eabi/9.2.1/../../../../arm-none-eabi/lib/thumb/v6-m/nofp\libc_nano.a(lib_a-findfp.o)
                0x00002f84                __sinit_lock_release
 .text.__sinit  0x00002f94       0x70 c:/nxp/mcuxpressoide_11.2.0_4120/ide/plugins/com.nxp.mcuxpresso.tools.win32_11.2.0.202001021529/tools/bin/../lib/gcc/arm-none-eabi/9.2.1/../../../../arm-none-eabi/lib/thumb/v6-m/nofp\libc_nano.a(lib_a-findfp.o)
                0x00002f94                __sinit
 .text.__sfp    0x00003004       0x90 c:/nxp/mcuxpressoide_11.2.0_4120/ide/plugins/com.nxp.mcuxpresso.tools.win32_11.2.0.202001021529/tools/bin/../lib/gcc/arm-none-eabi/9.2.1/../../../../arm-none-eabi/lib/thumb/v6-m/nofp\libc_nano.a(lib_a-findfp.o)
                0x00003004                __sfp
 .text.__swhatbuf_r
                0x00003094       0x50 c:/nxp/mcuxpressoide_11.2.0_4120/ide/plugins/com.nxp.mcuxpresso.tools.win32_11.2.0.202001021529/tools/bin/../lib/gcc/arm-none-eabi/9.2.1/../../../../arm-none-eabi/lib/thumb/v6-m/nofp\libc_nano.a(lib_a-makebuf.o)
                0x00003094                __swhatbuf_r
 .text.__smakebuf_r
                0x000030e4       0x88 c:/nxp/mcuxpressoide_11.2.0_4120/ide/plugins/com.nxp.mcuxpresso.tools.win32_11.2.0.202001021529/tools/bin/../lib/gcc/arm-none-eabi/9.2.1/../../../../arm-none-eabi/lib/thumb/v6-m/nofp\libc_nano.a(lib_a-makebuf.o)
                0x000030e4                __smakebuf_r
 .text.__malloc_lock
                0x0000316c       0x10 c:/nxp/mcuxpressoide_11.2.0_4120/ide/plugins/com.nxp.mcuxpresso.tools.win32_11.2.0.202001021529/tools/bin/../lib/gcc/arm-none-eabi/9.2.1/../../../../arm-none-eabi/lib/thumb/v6-m/nofp\libc_nano.a(lib_a-mlock.o)
                0x0000316c                __malloc_lock
 .text.__malloc_unlock
                0x0000317c       0x10 c:/nxp/mcuxpressoide_11.2.0_4120/ide/plugins/com.nxp.mcuxpresso.tools.win32_11.2.0.202001021529/tools/bin/../lib/gcc/arm-none-eabi/9.2.1/../../../../arm-none-eabi/lib/thumb/v6-m/nofp\libc_nano.a(lib_a-mlock.o)
                0x0000317c                __malloc_unlock
 .text.raise    0x0000318c       0x14 c:/nxp/mcuxpressoide_11.2.0_4120/ide/plugins/com.nxp.mcuxpresso.tools.win32_11.2.0.202001021529/tools/bin/../lib/gcc/arm-none-eabi/9.2.1/../../../../arm-none-eabi/lib/thumb/v6-m/nofp\libc_nano.a(lib_a-signal.o)
                0x0000318c                raise
 .text._kill_r  0x000031a0       0x24 c:/nxp/mcuxpressoide_11.2.0_4120/ide/plugins/com.nxp.mcuxpresso.tools.win32_11.2.0.202001021529/tools/bin/../lib/gcc/arm-none-eabi/9.2.1/../../../../arm-none-eabi/lib/thumb/v6-m/nofp\libc_nano.a(lib_a-signalr.o)
                0x000031a0                _kill_r
 .text.__sread  0x000031c4       0x28 c:/nxp/mcuxpressoide_11.2.0_4120/ide/plugins/com.nxp.mcuxpresso.tools.win32_11.2.0.202001021529/tools/bin/../lib/gcc/arm-none-eabi/9.2.1/../../../../arm-none-eabi/lib/thumb/v6-m/nofp\libc_nano.a(lib_a-stdio.o)
                0x000031c4                __sread
 .text.__swrite
                0x000031ec       0x38 c:/nxp/mcuxpressoide_11.2.0_4120/ide/plugins/com.nxp.mcuxpresso.tools.win32_11.2.0.202001021529/tools/bin/../lib/gcc/arm-none-eabi/9.2.1/../../../../arm-none-eabi/lib/thumb/v6-m/nofp\libc_nano.a(lib_a-stdio.o)
                0x000031ec                __swrite
 .text.__sseek  0x00003224       0x2c c:/nxp/mcuxpressoide_11.2.0_4120/ide/plugins/com.nxp.mcuxpresso.tools.win32_11.2.0.202001021529/tools/bin/../lib/gcc/arm-none-eabi/9.2.1/../../../../arm-none-eabi/lib/thumb/v6-m/nofp\libc_nano.a(lib_a-stdio.o)
                0x00003224                __sseek
 .text._write_r
                0x00003250       0x28 c:/nxp/mcuxpressoide_11.2.0_4120/ide/plugins/com.nxp.mcuxpresso.tools.win32_11.2.0.202001021529/tools/bin/../lib/gcc/arm-none-eabi/9.2.1/../../../../arm-none-eabi/lib/thumb/v6-m/nofp\libc_nano.a(lib_a-writer.o)
                0x00003250                _write_r
 .text._close_r
                0x00003278       0x24 c:/nxp/mcuxpressoide_11.2.0_4120/ide/plugins/com.nxp.mcuxpresso.tools.win32_11.2.0.202001021529/tools/bin/../lib/gcc/arm-none-eabi/9.2.1/../../../../arm-none-eabi/lib/thumb/v6-m/nofp\libc_nano.a(lib_a-closer.o)
                0x00003278                _close_r
 .text._fstat_r
                0x0000329c       0x24 c:/nxp/mcuxpressoide_11.2.0_4120/ide/plugins/com.nxp.mcuxpresso.tools.win32_11.2.0.202001021529/tools/bin/../lib/gcc/arm-none-eabi/9.2.1/../../../../arm-none-eabi/lib/thumb/v6-m/nofp\libc_nano.a(lib_a-fstatr.o)
                0x0000329c                _fstat_r
 .text._isatty_r
                0x000032c0       0x24 c:/nxp/mcuxpressoide_11.2.0_4120/ide/plugins/com.nxp.mcuxpresso.tools.win32_11.2.0.202001021529/tools/bin/../lib/gcc/arm-none-eabi/9.2.1/../../../../arm-none-eabi/lib/thumb/v6-m/nofp\libc_nano.a(lib_a-isattyr.o)
                0x000032c0                _isatty_r
 .text._lseek_r
                0x000032e4       0x28 c:/nxp/mcuxpressoide_11.2.0_4120/ide/plugins/com.nxp.mcuxpresso.tools.win32_11.2.0.202001021529/tools/bin/../lib/gcc/arm-none-eabi/9.2.1/../../../../arm-none-eabi/lib/thumb/v6-m/nofp\libc_nano.a(lib_a-lseekr.o)
                0x000032e4                _lseek_r
 .text._read_r  0x0000330c       0x28 c:/nxp/mcuxpressoide_11.2.0_4120/ide/plugins/com.nxp.mcuxpresso.tools.win32_11.2.0.202001021529/tools/bin/../lib/gcc/arm-none-eabi/9.2.1/../../../../arm-none-eabi/lib/thumb/v6-m/nofp\libc_nano.a(lib_a-readr.o)
                0x0000330c                _read_r
 .text.pow      0x00003334      0x37c c:/nxp/mcuxpressoide_11.2.0_4120/ide/plugins/com.nxp.mcuxpresso.tools.win32_11.2.0.202001021529/tools/bin/../lib/gcc/arm-none-eabi/9.2.1/../../../../arm-none-eabi/lib/thumb/v6-m/nofp\libm.a(lib_a-w_pow.o)
                0x00003334                pow
 .text.__ieee754_pow
                0x000036b0      0xad8 c:/nxp/mcuxpressoide_11.2.0_4120/ide/plugins/com.nxp.mcuxpresso.tools.win32_11.2.0.202001021529/tools/bin/../lib/gcc/arm-none-eabi/9.2.1/../../../../arm-none-eabi/lib/thumb/v6-m/nofp\libm.a(lib_a-e_pow.o)
                0x000036b0                __ieee754_pow
 .text.__ieee754_sqrt
                0x00004188      0x1b0 c:/nxp/mcuxpressoide_11.2.0_4120/ide/plugins/com.nxp.mcuxpresso.tools.win32_11.2.0.202001021529/tools/bin/../lib/gcc/arm-none-eabi/9.2.1/../../../../arm-none-eabi/lib/thumb/v6-m/nofp\libm.a(lib_a-e_sqrt.o)
                0x00004188                __ieee754_sqrt
 .text.fabs     0x00004338        0x8 c:/nxp/mcuxpressoide_11.2.0_4120/ide/plugins/com.nxp.mcuxpresso.tools.win32_11.2.0.202001021529/tools/bin/../lib/gcc/arm-none-eabi/9.2.1/../../../../arm-none-eabi/lib/thumb/v6-m/nofp\libm.a(lib_a-s_fabs.o)
                0x00004338                fabs
 .text.finite   0x00004340       0x14 c:/nxp/mcuxpressoide_11.2.0_4120/ide/plugins/com.nxp.mcuxpresso.tools.win32_11.2.0.202001021529/tools/bin/../lib/gcc/arm-none-eabi/9.2.1/../../../../arm-none-eabi/lib/thumb/v6-m/nofp\libm.a(lib_a-s_finite.o)
                0x00004340                finite
 .text.matherr  0x00004354        0x4 c:/nxp/mcuxpressoide_11.2.0_4120/ide/plugins/com.nxp.mcuxpresso.tools.win32_11.2.0.202001021529/tools/bin/../lib/gcc/arm-none-eabi/9.2.1/../../../../arm-none-eabi/lib/thumb/v6-m/nofp\libm.a(lib_a-s_matherr.o)
                0x00004354                matherr
 .text.nan      0x00004358        0xc c:/nxp/mcuxpressoide_11.2.0_4120/ide/plugins/com.nxp.mcuxpresso.tools.win32_11.2.0.202001021529/tools/bin/../lib/gcc/arm-none-eabi/9.2.1/../../../../arm-none-eabi/lib/thumb/v6-m/nofp\libm.a(lib_a-s_nan.o)
                0x00004358                nan
 .text.rint     0x00004364      0x120 c:/nxp/mcuxpressoide_11.2.0_4120/ide/plugins/com.nxp.mcuxpresso.tools.win32_11.2.0.202001021529/tools/bin/../lib/gcc/arm-none-eabi/9.2.1/../../../../arm-none-eabi/lib/thumb/v6-m/nofp\libm.a(lib_a-s_rint.o)
                0x00004364                rint
 .text.scalbn   0x00004484       0xf8 c:/nxp/mcuxpressoide_11.2.0_4120/ide/plugins/com.nxp.mcuxpresso.tools.win32_11.2.0.202001021529/tools/bin/../lib/gcc/arm-none-eabi/9.2.1/../../../../arm-none-eabi/lib/thumb/v6-m/nofp\libm.a(lib_a-s_scalbn.o)
                0x00004484                scalbn
 .text._sbrk    0x0000457c       0x40 c:/nxp/mcuxpressoide_11.2.0_4120/ide/plugins/com.nxp.mcuxpresso.tools.win32_11.2.0.202001021529/tools/bin/../lib/gcc/arm-none-eabi/9.2.1/../../../../arm-none-eabi/lib/thumb/v6-m/nofp\libcr_newlib_semihost.a(_cr_sbrk.o)
                0x0000457c                _sbrk
 .text._kill    0x000045bc       0x24 c:/nxp/mcuxpressoide_11.2.0_4120/ide/plugins/com.nxp.mcuxpresso.tools.win32_11.2.0.202001021529/tools/bin/../lib/gcc/arm-none-eabi/9.2.1/../../../../arm-none-eabi/lib/thumb/v6-m/nofp\libcr_newlib_semihost.a(_kill.o)
                0x000045bc                _kill
 .text.initialise_monitor_handles
                0x000045e0       0xa0 c:/nxp/mcuxpressoide_11.2.0_4120/ide/plugins/com.nxp.mcuxpresso.tools.win32_11.2.0.202001021529/tools/bin/../lib/gcc/arm-none-eabi/9.2.1/../../../../arm-none-eabi/lib/thumb/v6-m/nofp\libcr_newlib_semihost.a(syscalls.o)
 .text.findslot
                0x00004680       0x24 c:/nxp/mcuxpressoide_11.2.0_4120/ide/plugins/com.nxp.mcuxpresso.tools.win32_11.2.0.202001021529/tools/bin/../lib/gcc/arm-none-eabi/9.2.1/../../../../arm-none-eabi/lib/thumb/v6-m/nofp\libcr_newlib_semihost.a(syscalls.o)
 .text._close   0x000046a4       0x4c c:/nxp/mcuxpressoide_11.2.0_4120/ide/plugins/com.nxp.mcuxpresso.tools.win32_11.2.0.202001021529/tools/bin/../lib/gcc/arm-none-eabi/9.2.1/../../../../arm-none-eabi/lib/thumb/v6-m/nofp\libcr_newlib_semihost.a(syscalls.o)
                0x000046a4                _close
 .text.__check_heap_overflow
                0x000046f0       0x14 c:/nxp/mcuxpressoide_11.2.0_4120/ide/plugins/com.nxp.mcuxpresso.tools.win32_11.2.0.202001021529/tools/bin/../lib/gcc/arm-none-eabi/9.2.1/../../../../arm-none-eabi/lib/thumb/v6-m/nofp\libcr_newlib_semihost.a(_cr_check_heap.o)
                0x000046f0                __check_heap_overflow
 .text          0x00004704       0x48 c:/nxp/mcuxpressoide_11.2.0_4120/ide/plugins/com.nxp.mcuxpresso.tools.win32_11.2.0.202001021529/tools/bin/../lib/gcc/arm-none-eabi/9.2.1/thumb/v6-m/nofp\crtbegin.o
 .text          0x0000474c       0x14 c:/nxp/mcuxpressoide_11.2.0_4120/ide/plugins/com.nxp.mcuxpresso.tools.win32_11.2.0.202001021529/tools/bin/../lib/gcc/arm-none-eabi/9.2.1/thumb/v6-m/nofp\libgcc.a(_thumb1_case_shi.o)
                0x0000474c                __gnu_thumb1_case_shi
 .text          0x00004760       0x7c c:/nxp/mcuxpressoide_11.2.0_4120/ide/plugins/com.nxp.mcuxpresso.tools.win32_11.2.0.202001021529/tools/bin/../lib/gcc/arm-none-eabi/9.2.1/thumb/v6-m/nofp\libgcc.a(_arm_cmpdf2.o)
                0x00004760                __aeabi_cdrcmple
                0x00004770                __aeabi_cdcmple
                0x00004770                __aeabi_cdcmpeq
                0x00004780                __aeabi_dcmpeq
                0x0000478c                __aeabi_dcmplt
                0x000047a0                __aeabi_dcmple
                0x000047b4                __aeabi_dcmpgt
                0x000047c8                __aeabi_dcmpge
 .text          0x000047dc      0x5d0 c:/nxp/mcuxpressoide_11.2.0_4120/ide/plugins/com.nxp.mcuxpresso.tools.win32_11.2.0.202001021529/tools/bin/../lib/gcc/arm-none-eabi/9.2.1/thumb/v6-m/nofp\libgcc.a(divdf3.o)
                0x000047dc                __aeabi_ddiv
 .text          0x00004dac       0x78 c:/nxp/mcuxpressoide_11.2.0_4120/ide/plugins/com.nxp.mcuxpresso.tools.win32_11.2.0.202001021529/tools/bin/../lib/gcc/arm-none-eabi/9.2.1/thumb/v6-m/nofp\libgcc.a(eqdf2.o)
                0x00004dac                __nedf2
                0x00004dac                __eqdf2
 .text          0x00004e24       0xe4 c:/nxp/mcuxpressoide_11.2.0_4120/ide/plugins/com.nxp.mcuxpresso.tools.win32_11.2.0.202001021529/tools/bin/../lib/gcc/arm-none-eabi/9.2.1/thumb/v6-m/nofp\libgcc.a(gedf2.o)
                0x00004e24                __gedf2
                0x00004e24                __gtdf2
 .text          0x00004f08       0xe0 c:/nxp/mcuxpressoide_11.2.0_4120/ide/plugins/com.nxp.mcuxpresso.tools.win32_11.2.0.202001021529/tools/bin/../lib/gcc/arm-none-eabi/9.2.1/thumb/v6-m/nofp\libgcc.a(ledf2.o)
                0x00004f08                __ledf2
                0x00004f08                __ltdf2
 .text          0x00004fe8      0x724 c:/nxp/mcuxpressoide_11.2.0_4120/ide/plugins/com.nxp.mcuxpresso.tools.win32_11.2.0.202001021529/tools/bin/../lib/gcc/arm-none-eabi/9.2.1/thumb/v6-m/nofp\libgcc.a(subdf3.o)
                0x00004fe8                __aeabi_dsub
 .text          0x0000570c       0x3c c:/nxp/mcuxpressoide_11.2.0_4120/ide/plugins/com.nxp.mcuxpresso.tools.win32_11.2.0.202001021529/tools/bin/../lib/gcc/arm-none-eabi/9.2.1/thumb/v6-m/nofp\libgcc.a(unorddf2.o)
                0x0000570c                __aeabi_dcmpun
 .text.__errno  0x00005748        0xc c:/nxp/mcuxpressoide_11.2.0_4120/ide/plugins/com.nxp.mcuxpresso.tools.win32_11.2.0.202001021529/tools/bin/../lib/gcc/arm-none-eabi/9.2.1/../../../../arm-none-eabi/lib/thumb/v6-m/nofp\libc_nano.a(lib_a-errno.o)
                0x00005748                __errno
 .text.GPIO_PinWrite
                0x00005754       0x38 ./source/Keyboard.o
 .text.GPIO_PinRead
                0x0000578c       0x20 ./source/Keyboard.o
 .text._Znwj    0x000057ac       0x1a ./source/cpp_config.o
                0x000057ac                operator new(unsigned int)
 .text.GPIO_PinWrite
                0x000057c6       0x38 ./source/proj_ses_cpp.o
 .text._ZSt3powIiiEN9__gnu_cxx11__promote_2IT_T0_NS0_9__promoteIS2_XsrSt12__is_integerIS2_E7__valueEE6__typeENS4_IS3_XsrS5_IS3_E7__valueEE6__typeEE6__typeES2_S3_
                0x000057fe       0x34 ./source/proj_ses_cpp.o
                0x000057fe                __gnu_cxx::__promote_2<int, int, __gnu_cxx::__promote<int, std::__is_integer<int>::__value>::__type, __gnu_cxx::__promote<int, std::__is_integer<int>::__value>::__type>::__type std::pow<int, int>(int, int)
 .text.OSC_SetExtRefClkConfig
                0x00005832       0x3e ./drivers/fsl_clock.o
 .text.OSC_SetCapLoad
                0x00005870       0x42 ./drivers/fsl_clock.o
 .text.GPIO_PinWrite
                0x000058b2       0x38 ./drivers/fsl_gpio.o
 .text.SystemInitHook
                0x000058ea        0xa ./device/system_MKL27Z644.o
                0x000058ea                SystemInitHook
 .text.TPM_ClearStatusFlags
                0x000058f4       0x18 ./component/timer/tpm_adapter.o
 .text.TPM0_IRQHandler
                0x0000590c       0x10 ./component/timer/tpm_adapter.o
                0x0000590c                TPM0_IRQHandler
 .text.DbgConsole_Init
                0x0000591c       0x26 ./board/board.o
 .text.BOARD_InitDebugConsole
                0x00005942       0x2a ./board/board.o
                0x00005942                BOARD_InitDebugConsole
 .text.BOARD_InitBootClocks
                0x0000596c        0xe ./board/clock_config.o
                0x0000596c                BOARD_InitBootClocks
 .text.BOARD_InitPeripherals
                0x0000597a        0xa ./board/peripherals.o
                0x0000597a                BOARD_InitPeripherals
 .text.BOARD_InitBootPeripherals
                0x00005984        0xe ./board/peripherals.o
                0x00005984                BOARD_InitBootPeripherals
 .text.BOARD_InitBootPins
                0x00005992       0x12 ./board/pin_mux.o
                0x00005992                BOARD_InitBootPins
 .text.memset   0x000059a4       0x10 c:/nxp/mcuxpressoide_11.2.0_4120/ide/plugins/com.nxp.mcuxpresso.tools.win32_11.2.0.202001021529/tools/bin/../lib/gcc/arm-none-eabi/9.2.1/../../../../arm-none-eabi/lib/thumb/v6-m/nofp\libc_nano.a(lib_a-memset.o)
                0x000059a4                memset
 .text.__sfputc_r
                0x000059b4       0x2a c:/nxp/mcuxpressoide_11.2.0_4120/ide/plugins/com.nxp.mcuxpresso.tools.win32_11.2.0.202001021529/tools/bin/../lib/gcc/arm-none-eabi/9.2.1/../../../../arm-none-eabi/lib/thumb/v6-m/nofp\libc_nano.a(lib_a-nano-vfprintf.o)
 .text.__sfputs_r
                0x000059de       0x24 c:/nxp/mcuxpressoide_11.2.0_4120/ide/plugins/com.nxp.mcuxpresso.tools.win32_11.2.0.202001021529/tools/bin/../lib/gcc/arm-none-eabi/9.2.1/../../../../arm-none-eabi/lib/thumb/v6-m/nofp\libc_nano.a(lib_a-nano-vfprintf.o)
                0x000059de                __sfputs_r
 .text._printf_common
                0x00005a02       0xde c:/nxp/mcuxpressoide_11.2.0_4120/ide/plugins/com.nxp.mcuxpresso.tools.win32_11.2.0.202001021529/tools/bin/../lib/gcc/arm-none-eabi/9.2.1/../../../../arm-none-eabi/lib/thumb/v6-m/nofp\libc_nano.a(lib_a-nano-vfprintf_i.o)
                0x00005a02                _printf_common
 .text.abort    0x00005ae0        0xe c:/nxp/mcuxpressoide_11.2.0_4120/ide/plugins/com.nxp.mcuxpresso.tools.win32_11.2.0.202001021529/tools/bin/../lib/gcc/arm-none-eabi/9.2.1/../../../../arm-none-eabi/lib/thumb/v6-m/nofp\libc_nano.a(lib_a-abort.o)
                0x00005ae0                abort
 .text.__sfmoreglue
                0x00005aee       0x2c c:/nxp/mcuxpressoide_11.2.0_4120/ide/plugins/com.nxp.mcuxpresso.tools.win32_11.2.0.202001021529/tools/bin/../lib/gcc/arm-none-eabi/9.2.1/../../../../arm-none-eabi/lib/thumb/v6-m/nofp\libc_nano.a(lib_a-findfp.o)
                0x00005aee                __sfmoreglue
 .text._fwalk_reent
                0x00005b1a       0x40 c:/nxp/mcuxpressoide_11.2.0_4120/ide/plugins/com.nxp.mcuxpresso.tools.win32_11.2.0.202001021529/tools/bin/../lib/gcc/arm-none-eabi/9.2.1/../../../../arm-none-eabi/lib/thumb/v6-m/nofp\libc_nano.a(lib_a-fwalk.o)
                0x00005b1a                _fwalk_reent
 .text.__retarget_lock_init_recursive
                0x00005b5a        0x2 c:/nxp/mcuxpressoide_11.2.0_4120/ide/plugins/com.nxp.mcuxpresso.tools.win32_11.2.0.202001021529/tools/bin/../lib/gcc/arm-none-eabi/9.2.1/../../../../arm-none-eabi/lib/thumb/v6-m/nofp\libc_nano.a(lib_a-lock.o)
                0x00005b5a                __retarget_lock_init_recursive
 .text.__retarget_lock_acquire_recursive
                0x00005b5c        0x2 c:/nxp/mcuxpressoide_11.2.0_4120/ide/plugins/com.nxp.mcuxpresso.tools.win32_11.2.0.202001021529/tools/bin/../lib/gcc/arm-none-eabi/9.2.1/../../../../arm-none-eabi/lib/thumb/v6-m/nofp\libc_nano.a(lib_a-lock.o)
                0x00005b5c                __retarget_lock_acquire_recursive
 .text.__retarget_lock_release_recursive
                0x00005b5e        0x2 c:/nxp/mcuxpressoide_11.2.0_4120/ide/plugins/com.nxp.mcuxpresso.tools.win32_11.2.0.202001021529/tools/bin/../lib/gcc/arm-none-eabi/9.2.1/../../../../arm-none-eabi/lib/thumb/v6-m/nofp\libc_nano.a(lib_a-lock.o)
                0x00005b5e                __retarget_lock_release_recursive
 .text.memchr   0x00005b60       0x16 c:/nxp/mcuxpressoide_11.2.0_4120/ide/plugins/com.nxp.mcuxpresso.tools.win32_11.2.0.202001021529/tools/bin/../lib/gcc/arm-none-eabi/9.2.1/../../../../arm-none-eabi/lib/thumb/v6-m/nofp\libc_nano.a(lib_a-memchr-stub.o)
                0x00005b60                memchr
 .text._raise_r
                0x00005b76       0x54 c:/nxp/mcuxpressoide_11.2.0_4120/ide/plugins/com.nxp.mcuxpresso.tools.win32_11.2.0.202001021529/tools/bin/../lib/gcc/arm-none-eabi/9.2.1/../../../../arm-none-eabi/lib/thumb/v6-m/nofp\libc_nano.a(lib_a-signal.o)
                0x00005b76                _raise_r
 .text._getpid_r
                0x00005bca        0x8 c:/nxp/mcuxpressoide_11.2.0_4120/ide/plugins/com.nxp.mcuxpresso.tools.win32_11.2.0.202001021529/tools/bin/../lib/gcc/arm-none-eabi/9.2.1/../../../../arm-none-eabi/lib/thumb/v6-m/nofp\libc_nano.a(lib_a-signalr.o)
                0x00005bca                _getpid_r
 .text.__sclose
                0x00005bd2        0xc c:/nxp/mcuxpressoide_11.2.0_4120/ide/plugins/com.nxp.mcuxpresso.tools.win32_11.2.0.202001021529/tools/bin/../lib/gcc/arm-none-eabi/9.2.1/../../../../arm-none-eabi/lib/thumb/v6-m/nofp\libc_nano.a(lib_a-stdio.o)
                0x00005bd2                __sclose
 .text._exit    0x00005bde        0xc c:/nxp/mcuxpressoide_11.2.0_4120/ide/plugins/com.nxp.mcuxpresso.tools.win32_11.2.0.202001021529/tools/bin/../lib/gcc/arm-none-eabi/9.2.1/../../../../arm-none-eabi/lib/thumb/v6-m/nofp\libcr_newlib_semihost.a(_exit.o)
                0x00005bde                _exit
 .text.error    0x00005bea       0x1c c:/nxp/mcuxpressoide_11.2.0_4120/ide/plugins/com.nxp.mcuxpresso.tools.win32_11.2.0.202001021529/tools/bin/../lib/gcc/arm-none-eabi/9.2.1/../../../../arm-none-eabi/lib/thumb/v6-m/nofp\libcr_newlib_semihost.a(syscalls.o)
 .text.checkerror
                0x00005c06       0x20 c:/nxp/mcuxpressoide_11.2.0_4120/ide/plugins/com.nxp.mcuxpresso.tools.win32_11.2.0.202001021529/tools/bin/../lib/gcc/arm-none-eabi/9.2.1/../../../../arm-none-eabi/lib/thumb/v6-m/nofp\libcr_newlib_semihost.a(syscalls.o)
 .text._swiread
                0x00005c26       0x20 c:/nxp/mcuxpressoide_11.2.0_4120/ide/plugins/com.nxp.mcuxpresso.tools.win32_11.2.0.202001021529/tools/bin/../lib/gcc/arm-none-eabi/9.2.1/../../../../arm-none-eabi/lib/thumb/v6-m/nofp\libcr_newlib_semihost.a(syscalls.o)
                0x00005c26                _swiread
 .text._read    0x00005c46       0x34 c:/nxp/mcuxpressoide_11.2.0_4120/ide/plugins/com.nxp.mcuxpresso.tools.win32_11.2.0.202001021529/tools/bin/../lib/gcc/arm-none-eabi/9.2.1/../../../../arm-none-eabi/lib/thumb/v6-m/nofp\libcr_newlib_semihost.a(syscalls.o)
                0x00005c46                _read
 .text._swilseek
                0x00005c7a       0x76 c:/nxp/mcuxpressoide_11.2.0_4120/ide/plugins/com.nxp.mcuxpresso.tools.win32_11.2.0.202001021529/tools/bin/../lib/gcc/arm-none-eabi/9.2.1/../../../../arm-none-eabi/lib/thumb/v6-m/nofp\libcr_newlib_semihost.a(syscalls.o)
                0x00005c7a                _swilseek
 .text._lseek   0x00005cf0        0x8 c:/nxp/mcuxpressoide_11.2.0_4120/ide/plugins/com.nxp.mcuxpresso.tools.win32_11.2.0.202001021529/tools/bin/../lib/gcc/arm-none-eabi/9.2.1/../../../../arm-none-eabi/lib/thumb/v6-m/nofp\libcr_newlib_semihost.a(syscalls.o)
                0x00005cf0                _lseek
 .text._swiwrite
                0x00005cf8       0x20 c:/nxp/mcuxpressoide_11.2.0_4120/ide/plugins/com.nxp.mcuxpresso.tools.win32_11.2.0.202001021529/tools/bin/../lib/gcc/arm-none-eabi/9.2.1/../../../../arm-none-eabi/lib/thumb/v6-m/nofp\libcr_newlib_semihost.a(syscalls.o)
                0x00005cf8                _swiwrite
 .text._write   0x00005d18       0x3e c:/nxp/mcuxpressoide_11.2.0_4120/ide/plugins/com.nxp.mcuxpresso.tools.win32_11.2.0.202001021529/tools/bin/../lib/gcc/arm-none-eabi/9.2.1/../../../../arm-none-eabi/lib/thumb/v6-m/nofp\libcr_newlib_semihost.a(syscalls.o)
                0x00005d18                _write
 .text._swiclose
                0x00005d56       0x18 c:/nxp/mcuxpressoide_11.2.0_4120/ide/plugins/com.nxp.mcuxpresso.tools.win32_11.2.0.202001021529/tools/bin/../lib/gcc/arm-none-eabi/9.2.1/../../../../arm-none-eabi/lib/thumb/v6-m/nofp\libcr_newlib_semihost.a(syscalls.o)
                0x00005d56                _swiclose
 .text._getpid  0x00005d6e        0x4 c:/nxp/mcuxpressoide_11.2.0_4120/ide/plugins/com.nxp.mcuxpresso.tools.win32_11.2.0.202001021529/tools/bin/../lib/gcc/arm-none-eabi/9.2.1/../../../../arm-none-eabi/lib/thumb/v6-m/nofp\libcr_newlib_semihost.a(syscalls.o)
                0x00005d6e                _getpid
 .text._swistat
                0x00005d72       0x44 c:/nxp/mcuxpressoide_11.2.0_4120/ide/plugins/com.nxp.mcuxpresso.tools.win32_11.2.0.202001021529/tools/bin/../lib/gcc/arm-none-eabi/9.2.1/../../../../arm-none-eabi/lib/thumb/v6-m/nofp\libcr_newlib_semihost.a(syscalls.o)
                0x00005d72                _swistat
 .text._fstat   0x00005db6       0x1a c:/nxp/mcuxpressoide_11.2.0_4120/ide/plugins/com.nxp.mcuxpresso.tools.win32_11.2.0.202001021529/tools/bin/../lib/gcc/arm-none-eabi/9.2.1/../../../../arm-none-eabi/lib/thumb/v6-m/nofp\libcr_newlib_semihost.a(syscalls.o)
                0x00005db6                _fstat
 .text._isatty  0x00005dd0       0x28 c:/nxp/mcuxpressoide_11.2.0_4120/ide/plugins/com.nxp.mcuxpresso.tools.win32_11.2.0.202001021529/tools/bin/../lib/gcc/arm-none-eabi/9.2.1/../../../../arm-none-eabi/lib/thumb/v6-m/nofp\libcr_newlib_semihost.a(syscalls.o)
                0x00005dd0                _isatty
 *(SORT_BY_ALIGNMENT(.rodata) SORT_BY_ALIGNMENT(.rodata.*) SORT_BY_ALIGNMENT(.constdata) SORT_BY_ALIGNMENT(.constdata.*))
 .rodata.TWO52  0x00005df8       0x10 c:/nxp/mcuxpressoide_11.2.0_4120/ide/plugins/com.nxp.mcuxpresso.tools.win32_11.2.0.202001021529/tools/bin/../lib/gcc/arm-none-eabi/9.2.1/../../../../arm-none-eabi/lib/thumb/v6-m/nofp\libm.a(lib_a-s_rint.o)
 .rodata        0x00005e08       0x30 ./source/Keyboard.o
 .rodata.main.str1.4
                0x00005e38       0x44 ./source/proj_ses_cpp.o
                                 0x48 (size before relaxing)
 .rodata.CLOCK_GetOsc0ErClkFreq.str1.4
                0x00005e7c       0x19 ./drivers/fsl_clock.o
 *fill*         0x00005e95        0x3 ff
 .rodata.CLOCK_GetEr32kClkFreq.str1.4
                0x00005e98        0xd ./drivers/fsl_clock.o
 *fill*         0x00005ea5        0x3 ff
 .rodata.CLOCK_GetFreq
                0x00005ea8       0x50 ./drivers/fsl_clock.o
 .rodata.CLOCK_SetMcgliteConfig.str1.4
                0x00005ef8        0xd ./drivers/fsl_clock.o
 *fill*         0x00005f05        0x3 ff
 .rodata.lircFreqs.5785
                0x00005f08        0x8 ./drivers/fsl_clock.o
 .rodata.__func__.5795
                0x00005f10       0x17 ./drivers/fsl_clock.o
 *fill*         0x00005f27        0x1 ff
 .rodata.__func__.5803
                0x00005f28       0x16 ./drivers/fsl_clock.o
 *fill*         0x00005f3e        0x2 ff
 .rodata.__func__.5861
                0x00005f40       0x14 ./drivers/fsl_clock.o
 .rodata.__func__.5875
                0x00005f54       0x17 ./drivers/fsl_clock.o
 *fill*         0x00005f6b        0x1 ff
 .rodata.GPIO_GetInstance.str1.4
                0x00005f6c       0x30 ./drivers/fsl_gpio.o
 .rodata.GPIO_PinInit.str1.4
                0x00005f9c        0xf ./drivers/fsl_gpio.o
 *fill*         0x00005fab        0x1 ff
 .rodata.__func__.5863
                0x00005fac        0xd ./drivers/fsl_gpio.o
 *fill*         0x00005fb9        0x3 ff
 .rodata.s_TPMBase
                0x00005fbc        0xc ./component/timer/tpm_adapter.o
 .rodata.mcgliteConfig_BOARD_BootClockRUN
                0x00005fc8        0x6 ./board/clock_config.o
                0x00005fc8                mcgliteConfig_BOARD_BootClockRUN
 *fill*         0x00005fce        0x2 ff
 .rodata.simConfig_BOARD_BootClockRUN
                0x00005fd0        0x8 ./board/clock_config.o
                0x00005fd0                simConfig_BOARD_BootClockRUN
 .rodata.oscConfig_BOARD_BootClockRUN
                0x00005fd8        0x8 ./board/clock_config.o
                0x00005fd8                oscConfig_BOARD_BootClockRUN
 .rodata.PORT_SetPinConfig.str1.4
                0x00005fe0       0x5f ./board/pin_mux.o
                                 0x67 (size before relaxing)
 *fill*         0x0000603f        0x1 ff
 .rodata.__func__.5836
                0x00006040       0x12 ./board/pin_mux.o
 *fill*         0x00006052        0x2 ff
 .rodata        0x00006054       0x40 c:/nxp/mcuxpressoide_11.2.0_4120/ide/plugins/com.nxp.mcuxpresso.tools.win32_11.2.0.202001021529/tools/bin/../lib/gcc/arm-none-eabi/9.2.1/thumb/v6-m/nofp\libgcc.a(muldf3.o)
 .rodata._global_impure_ptr
                0x00006094        0x4 c:/nxp/mcuxpressoide_11.2.0_4120/ide/plugins/com.nxp.mcuxpresso.tools.win32_11.2.0.202001021529/tools/bin/../lib/gcc/arm-none-eabi/9.2.1/../../../../arm-none-eabi/lib/thumb/v6-m/nofp\libc_nano.a(lib_a-impure.o)
                0x00006094                _global_impure_ptr
 .rodata.__sf_fake_stderr
                0x00006098       0x20 c:/nxp/mcuxpressoide_11.2.0_4120/ide/plugins/com.nxp.mcuxpresso.tools.win32_11.2.0.202001021529/tools/bin/../lib/gcc/arm-none-eabi/9.2.1/../../../../arm-none-eabi/lib/thumb/v6-m/nofp\libc_nano.a(lib_a-findfp.o)
                0x00006098                __sf_fake_stderr
 .rodata.__sf_fake_stdin
                0x000060b8       0x20 c:/nxp/mcuxpressoide_11.2.0_4120/ide/plugins/com.nxp.mcuxpresso.tools.win32_11.2.0.202001021529/tools/bin/../lib/gcc/arm-none-eabi/9.2.1/../../../../arm-none-eabi/lib/thumb/v6-m/nofp\libc_nano.a(lib_a-findfp.o)
                0x000060b8                __sf_fake_stdin
 .rodata.__sf_fake_stdout
                0x000060d8       0x20 c:/nxp/mcuxpressoide_11.2.0_4120/ide/plugins/com.nxp.mcuxpresso.tools.win32_11.2.0.202001021529/tools/bin/../lib/gcc/arm-none-eabi/9.2.1/../../../../arm-none-eabi/lib/thumb/v6-m/nofp\libc_nano.a(lib_a-findfp.o)
                0x000060d8                __sf_fake_stdout
 .rodata.pow.str1.4
                0x000060f8        0x4 c:/nxp/mcuxpressoide_11.2.0_4120/ide/plugins/com.nxp.mcuxpresso.tools.win32_11.2.0.202001021529/tools/bin/../lib/gcc/arm-none-eabi/9.2.1/../../../../arm-none-eabi/lib/thumb/v6-m/nofp\libm.a(lib_a-w_pow.o)
 .rodata.__ieee754_pow.str1.4
                0x000060fc        0x4 c:/nxp/mcuxpressoide_11.2.0_4120/ide/plugins/com.nxp.mcuxpresso.tools.win32_11.2.0.202001021529/tools/bin/../lib/gcc/arm-none-eabi/9.2.1/../../../../arm-none-eabi/lib/thumb/v6-m/nofp\libm.a(lib_a-e_pow.o)
                                  0x1 (size before relaxing)
 .rodata        0x000060fc       0x40 c:/nxp/mcuxpressoide_11.2.0_4120/ide/plugins/com.nxp.mcuxpresso.tools.win32_11.2.0.202001021529/tools/bin/../lib/gcc/arm-none-eabi/9.2.1/thumb/v6-m/nofp\libgcc.a(divdf3.o)
 .rodata.__assert_func.str1.1
                0x0000613c       0x3c c:/nxp/mcuxpressoide_11.2.0_4120/ide/plugins/com.nxp.mcuxpresso.tools.win32_11.2.0.202001021529/tools/bin/../lib/gcc/arm-none-eabi/9.2.1/../../../../arm-none-eabi/lib/thumb/v6-m/nofp\libc_nano.a(lib_a-assert.o)
                                 0x3d (size before relaxing)
 .rodata._vfprintf_r.str1.1
                0x00006178       0x11 c:/nxp/mcuxpressoide_11.2.0_4120/ide/plugins/com.nxp.mcuxpresso.tools.win32_11.2.0.202001021529/tools/bin/../lib/gcc/arm-none-eabi/9.2.1/../../../../arm-none-eabi/lib/thumb/v6-m/nofp\libc_nano.a(lib_a-nano-vfprintf.o)
 .rodata._printf_i.str1.1
                0x00006189       0x22 c:/nxp/mcuxpressoide_11.2.0_4120/ide/plugins/com.nxp.mcuxpresso.tools.win32_11.2.0.202001021529/tools/bin/../lib/gcc/arm-none-eabi/9.2.1/../../../../arm-none-eabi/lib/thumb/v6-m/nofp\libc_nano.a(lib_a-nano-vfprintf_i.o)
 .rodata.initialise_monitor_handles.str1.1
                0x000061ab        0x4 c:/nxp/mcuxpressoide_11.2.0_4120/ide/plugins/com.nxp.mcuxpresso.tools.win32_11.2.0.202001021529/tools/bin/../lib/gcc/arm-none-eabi/9.2.1/../../../../arm-none-eabi/lib/thumb/v6-m/nofp\libcr_newlib_semihost.a(syscalls.o)
                0x000061b0                . = ALIGN (0x4)
 *fill*         0x000061af        0x1 ff
                0x000061b0                . = ALIGN (0x4)
 *(.init)
 .init          0x000061b0        0x4 c:/nxp/mcuxpressoide_11.2.0_4120/ide/plugins/com.nxp.mcuxpresso.tools.win32_11.2.0.202001021529/tools/bin/../lib/gcc/arm-none-eabi/9.2.1/thumb/v6-m/nofp\crti.o
                0x000061b0                _init
 .init          0x000061b4        0x8 c:/nxp/mcuxpressoide_11.2.0_4120/ide/plugins/com.nxp.mcuxpresso.tools.win32_11.2.0.202001021529/tools/bin/../lib/gcc/arm-none-eabi/9.2.1/thumb/v6-m/nofp\crtn.o
                0x000061bc                . = ALIGN (0x4)
                0x000061bc                __preinit_array_start = .
 *(SORT_BY_ALIGNMENT(.preinit_array))
                0x000061bc                __preinit_array_end = .
                0x000061bc                . = ALIGN (0x4)
                0x000061bc                __init_array_start = .
 *(SORT_BY_NAME(SORT_BY_ALIGNMENT(.init_array.*)))
 *(SORT_BY_ALIGNMENT(.init_array))
 .init_array    0x000061bc        0x4 c:/nxp/mcuxpressoide_11.2.0_4120/ide/plugins/com.nxp.mcuxpresso.tools.win32_11.2.0.202001021529/tools/bin/../lib/gcc/arm-none-eabi/9.2.1/thumb/v6-m/nofp\crtbegin.o
                0x000061c0                __init_array_end = .
 *(.fini)
 .fini          0x000061c0        0x4 c:/nxp/mcuxpressoide_11.2.0_4120/ide/plugins/com.nxp.mcuxpresso.tools.win32_11.2.0.202001021529/tools/bin/../lib/gcc/arm-none-eabi/9.2.1/thumb/v6-m/nofp\crti.o
                0x000061c0                _fini
 .fini          0x000061c4        0x8 c:/nxp/mcuxpressoide_11.2.0_4120/ide/plugins/com.nxp.mcuxpresso.tools.win32_11.2.0.202001021529/tools/bin/../lib/gcc/arm-none-eabi/9.2.1/thumb/v6-m/nofp\crtn.o
                0x000061cc                . = ALIGN (0x4)
 *crtbegin.o(SORT_BY_ALIGNMENT(.ctors))
 *(SORT_BY_ALIGNMENT(EXCLUDE_FILE(*crtend.o) .ctors))
 *(SORT_BY_NAME(SORT_BY_ALIGNMENT(.ctors.*)))
 *crtend.o(SORT_BY_ALIGNMENT(.ctors))
                0x000061cc                . = ALIGN (0x4)
 *crtbegin.o(SORT_BY_ALIGNMENT(.dtors))
 *(SORT_BY_ALIGNMENT(EXCLUDE_FILE(*crtend.o) .dtors))
 *(SORT_BY_NAME(SORT_BY_ALIGNMENT(.dtors.*)))
 *crtend.o(SORT_BY_ALIGNMENT(.dtors))
                0x000061cc                . = ALIGN (0x4)

.glue_7         0x000061cc        0x0
 .glue_7        0x000061cc        0x0 linker stubs

.glue_7t        0x000061cc        0x0
 .glue_7t       0x000061cc        0x0 linker stubs

.vfp11_veneer   0x000061cc        0x0
 .vfp11_veneer  0x000061cc        0x0 linker stubs

.v4_bx          0x000061cc        0x0
 .v4_bx         0x000061cc        0x0 linker stubs

.iplt           0x000061cc        0x0
 .iplt          0x000061cc        0x0 ./startup/startup_mkl27z644.o

.rel.dyn        0x000061cc        0x0
 .rel.iplt      0x000061cc        0x0 ./startup/startup_mkl27z644.o

.eh_frame       0x000061cc        0x0
 .eh_frame      0x000061cc        0x0 c:/nxp/mcuxpressoide_11.2.0_4120/ide/plugins/com.nxp.mcuxpresso.tools.win32_11.2.0.202001021529/tools/bin/../lib/gcc/arm-none-eabi/9.2.1/thumb/v6-m/nofp\crtbegin.o

.ARM.extab
 *(SORT_BY_ALIGNMENT(.ARM.extab*) SORT_BY_ALIGNMENT(.gnu.linkonce.armextab.*))

.ARM.exidx      0x000061cc        0x0
                0x000061cc                __exidx_start = .
 *(SORT_BY_ALIGNMENT(.ARM.exidx*) SORT_BY_ALIGNMENT(.gnu.linkonce.armexidx.*))
                0x000061cc                __exidx_end = .
                0x000061cc                _etext = .

.m_usb_data
 *(SORT_BY_ALIGNMENT(m_usb_bdt))

.mtb_buffer_RAM2
 *(SORT_BY_ALIGNMENT(.mtb.$RAM2*))
 *(SORT_BY_ALIGNMENT(.mtb.$USB_RAM*))

.data_RAM2      0x400fe000        0x0 load address 0x000061cc
 FILL mask 0xff
                [!provide]                PROVIDE (__start_data_RAM2 = .)
                [!provide]                PROVIDE (__start_data_USB_RAM = .)
 *(SORT_BY_ALIGNMENT(.ramfunc.$RAM2))
 *(SORT_BY_ALIGNMENT(.ramfunc.$USB_RAM))
 *(SORT_BY_ALIGNMENT(.data.$RAM2))
 *(SORT_BY_ALIGNMENT(.data.$USB_RAM))
 *(SORT_BY_ALIGNMENT(.data.$RAM2.*))
 *(SORT_BY_ALIGNMENT(.data.$USB_RAM.*))
                0x400fe000                . = ALIGN (0x4)
                [!provide]                PROVIDE (__end_data_RAM2 = .)
                [!provide]                PROVIDE (__end_data_USB_RAM = .)

.mtb_buffer_default
                0x1ffff000       0x80
 *(SORT_BY_ALIGNMENT(.mtb*))
 .mtb.$RAM1     0x1ffff000       0x80 ./source/mtb.o
                0x1ffff000                __mtb_buffer__

.uninit_RESERVED
                0x1ffff080        0x0
                0x1ffff080                _start_uninit_RESERVED = .
 *(SORT_BY_ALIGNMENT(.bss.$RESERVED*))
                0x1ffff080                . = ALIGN (0x4)
                0x1ffff080                _end_uninit_RESERVED = .

.data           0x1ffff080       0x74 load address 0x000061cc
 FILL mask 0xff
                0x1ffff080                _data = .
                [!provide]                PROVIDE (__start_data_RAM = .)
                [!provide]                PROVIDE (__start_data_SRAM = .)
 *(SORT_BY_ALIGNMENT(vtable))
 *(SORT_BY_ALIGNMENT(.ramfunc*))
 *(SORT_BY_ALIGNMENT(CodeQuickAccess))
 *(SORT_BY_ALIGNMENT(DataQuickAccess))
 *(SORT_BY_ALIGNMENT(RamFunction))
 *(SORT_BY_ALIGNMENT(.data*))
 .data.nbDigit  0x1ffff080        0x4 ./source/proj_ses_cpp.o
                0x1ffff080                nbDigit
 .data.isLocked
                0x1ffff084        0x4 ./source/proj_ses_cpp.o
                0x1ffff084                isLocked
 .data.SystemCoreClock
                0x1ffff088        0x4 ./device/system_MKL27Z644.o
                0x1ffff088                SystemCoreClock
 .data._impure_ptr
                0x1ffff08c        0x4 c:/nxp/mcuxpressoide_11.2.0_4120/ide/plugins/com.nxp.mcuxpresso.tools.win32_11.2.0.202001021529/tools/bin/../lib/gcc/arm-none-eabi/9.2.1/../../../../arm-none-eabi/lib/thumb/v6-m/nofp\libc_nano.a(lib_a-impure.o)
                0x1ffff08c                _impure_ptr
 .data.impure_data
                0x1ffff090       0x60 c:/nxp/mcuxpressoide_11.2.0_4120/ide/plugins/com.nxp.mcuxpresso.tools.win32_11.2.0.202001021529/tools/bin/../lib/gcc/arm-none-eabi/9.2.1/../../../../arm-none-eabi/lib/thumb/v6-m/nofp\libc_nano.a(lib_a-impure.o)
 .data.__fdlib_version
                0x1ffff0f0        0x1 c:/nxp/mcuxpressoide_11.2.0_4120/ide/plugins/com.nxp.mcuxpresso.tools.win32_11.2.0.202001021529/tools/bin/../lib/gcc/arm-none-eabi/9.2.1/../../../../arm-none-eabi/lib/thumb/v6-m/nofp\libm.a(lib_a-s_lib_ver.o)
                0x1ffff0f0                __fdlib_version
                0x1ffff0f4                . = ALIGN (0x4)
 *fill*         0x1ffff0f1        0x3 ff
                0x1ffff0f4                _edata = .
                [!provide]                PROVIDE (__end_data_RAM = .)
                [!provide]                PROVIDE (__end_data_SRAM = .)

.igot.plt       0x1ffff0f4        0x0 load address 0x00006240
 .igot.plt      0x1ffff0f4        0x0 ./startup/startup_mkl27z644.o

.bss_RAM2       0x400fe000        0x0
                [!provide]                PROVIDE (__start_bss_RAM2 = .)
                [!provide]                PROVIDE (__start_bss_USB_RAM = .)
 *(SORT_BY_ALIGNMENT(.bss.$RAM2))
 *(SORT_BY_ALIGNMENT(.bss.$USB_RAM))
 *(SORT_BY_ALIGNMENT(.bss.$RAM2.*))
 *(SORT_BY_ALIGNMENT(.bss.$USB_RAM.*))
                0x400fe000                . = ALIGN ((. != 0x0)?0x4:0x1)
                [!provide]                PROVIDE (__end_bss_RAM2 = .)
                [!provide]                PROVIDE (__end_bss_USB_RAM = .)

.bss            0x1ffff0f4       0x98
                0x1ffff0f4                _bss = .
                [!provide]                PROVIDE (__start_bss_RAM = .)
                [!provide]                PROVIDE (__start_bss_SRAM = .)
 *(SORT_BY_ALIGNMENT(.bss*))
 .bss.g_xtal0Freq
                0x1ffff0f4        0x4 ./drivers/fsl_clock.o
                0x1ffff0f4                g_xtal0Freq
 .bss.g_xtal32Freq
                0x1ffff0f8        0x4 ./drivers/fsl_clock.o
                0x1ffff0f8                g_xtal32Freq
 .bss.s_i2cHandle
                0x1ffff0fc        0x8 ./drivers/fsl_i2c.o
 .bss.s_i2cMasterIsr
                0x1ffff104        0x4 ./drivers/fsl_i2c.o
 .bss.s_i2cSlaveIsr
                0x1ffff108        0x4 ./drivers/fsl_i2c.o
 .bss.s_lpuartHandle
                0x1ffff10c        0x8 ./drivers/fsl_lpuart.o
 .bss.s_lpuartIsr
                0x1ffff114        0x4 ./drivers/fsl_lpuart.o
 .bss.s_halTimerState
                0x1ffff118        0x4 ./component/timer/tpm_adapter.o
 .bss.__malloc_free_list
                0x1ffff11c        0x4 c:/nxp/mcuxpressoide_11.2.0_4120/ide/plugins/com.nxp.mcuxpresso.tools.win32_11.2.0.202001021529/tools/bin/../lib/gcc/arm-none-eabi/9.2.1/../../../../arm-none-eabi/lib/thumb/v6-m/nofp\libc_nano.a(lib_a-nano-mallocr.o)
                0x1ffff11c                __malloc_free_list
 .bss.__malloc_sbrk_start
                0x1ffff120        0x4 c:/nxp/mcuxpressoide_11.2.0_4120/ide/plugins/com.nxp.mcuxpresso.tools.win32_11.2.0.202001021529/tools/bin/../lib/gcc/arm-none-eabi/9.2.1/../../../../arm-none-eabi/lib/thumb/v6-m/nofp\libc_nano.a(lib_a-nano-mallocr.o)
                0x1ffff120                __malloc_sbrk_start
 .bss.__end_of_heap
                0x1ffff124        0x4 c:/nxp/mcuxpressoide_11.2.0_4120/ide/plugins/com.nxp.mcuxpresso.tools.win32_11.2.0.202001021529/tools/bin/../lib/gcc/arm-none-eabi/9.2.1/../../../../arm-none-eabi/lib/thumb/v6-m/nofp\libcr_newlib_semihost.a(_cr_sbrk.o)
                0x1ffff124                __end_of_heap
 .bss.initialized.5714
                0x1ffff128        0x4 c:/nxp/mcuxpressoide_11.2.0_4120/ide/plugins/com.nxp.mcuxpresso.tools.win32_11.2.0.202001021529/tools/bin/../lib/gcc/arm-none-eabi/9.2.1/../../../../arm-none-eabi/lib/thumb/v6-m/nofp\libcr_newlib_semihost.a(syscalls.o)
 .bss.monitor_stderr
                0x1ffff12c        0x4 c:/nxp/mcuxpressoide_11.2.0_4120/ide/plugins/com.nxp.mcuxpresso.tools.win32_11.2.0.202001021529/tools/bin/../lib/gcc/arm-none-eabi/9.2.1/../../../../arm-none-eabi/lib/thumb/v6-m/nofp\libcr_newlib_semihost.a(syscalls.o)
 .bss.monitor_stdin
                0x1ffff130        0x4 c:/nxp/mcuxpressoide_11.2.0_4120/ide/plugins/com.nxp.mcuxpresso.tools.win32_11.2.0.202001021529/tools/bin/../lib/gcc/arm-none-eabi/9.2.1/../../../../arm-none-eabi/lib/thumb/v6-m/nofp\libcr_newlib_semihost.a(syscalls.o)
 .bss.monitor_stdout
                0x1ffff134        0x4 c:/nxp/mcuxpressoide_11.2.0_4120/ide/plugins/com.nxp.mcuxpresso.tools.win32_11.2.0.202001021529/tools/bin/../lib/gcc/arm-none-eabi/9.2.1/../../../../arm-none-eabi/lib/thumb/v6-m/nofp\libcr_newlib_semihost.a(syscalls.o)
 .bss.openfiles
                0x1ffff138       0x28 c:/nxp/mcuxpressoide_11.2.0_4120/ide/plugins/com.nxp.mcuxpresso.tools.win32_11.2.0.202001021529/tools/bin/../lib/gcc/arm-none-eabi/9.2.1/../../../../arm-none-eabi/lib/thumb/v6-m/nofp\libcr_newlib_semihost.a(syscalls.o)
 .bss           0x1ffff160       0x1c c:/nxp/mcuxpressoide_11.2.0_4120/ide/plugins/com.nxp.mcuxpresso.tools.win32_11.2.0.202001021529/tools/bin/../lib/gcc/arm-none-eabi/9.2.1/thumb/v6-m/nofp\crtbegin.o
 *(SORT_BY_ALIGNMENT(COMMON))
 COMMON         0x1ffff17c        0x4 c:/nxp/mcuxpressoide_11.2.0_4120/ide/plugins/com.nxp.mcuxpresso.tools.win32_11.2.0.202001021529/tools/bin/../lib/gcc/arm-none-eabi/9.2.1/../../../../arm-none-eabi/lib/thumb/v6-m/nofp\libc_nano.a(lib_a-reent.o)
                0x1ffff17c                errno
 COMMON         0x1ffff180        0x9 c:/nxp/mcuxpressoide_11.2.0_4120/ide/plugins/com.nxp.mcuxpresso.tools.win32_11.2.0.202001021529/tools/bin/../lib/gcc/arm-none-eabi/9.2.1/../../../../arm-none-eabi/lib/thumb/v6-m/nofp\libc_nano.a(lib_a-lock.o)
                0x1ffff180                __lock___atexit_recursive_mutex
                0x1ffff181                __lock___arc4random_mutex
                0x1ffff182                __lock___env_recursive_mutex
                0x1ffff183                __lock___sinit_recursive_mutex
                0x1ffff184                __lock___malloc_recursive_mutex
                0x1ffff185                __lock___at_quick_exit_mutex
                0x1ffff186                __lock___dd_hash_mutex
                0x1ffff187                __lock___tz_mutex
                0x1ffff188                __lock___sfp_recursive_mutex
                0x1ffff18c                . = ALIGN (0x4)
 *fill*         0x1ffff189        0x3 
                0x1ffff18c                _ebss = .
                [!provide]                PROVIDE (__end_bss_RAM = .)
                [!provide]                PROVIDE (__end_bss_SRAM = .)
                [!provide]                PROVIDE (end = .)

.noinit_RAM2    0x400fe000        0x0
                [!provide]                PROVIDE (__start_noinit_RAM2 = .)
                [!provide]                PROVIDE (__start_noinit_USB_RAM = .)
 *(SORT_BY_ALIGNMENT(.noinit.$RAM2))
 *(SORT_BY_ALIGNMENT(.noinit.$USB_RAM))
 *(SORT_BY_ALIGNMENT(.noinit.$RAM2.*))
 *(SORT_BY_ALIGNMENT(.noinit.$USB_RAM.*))
                0x400fe000                . = ALIGN (0x4)
                [!provide]                PROVIDE (__end_noinit_RAM2 = .)
                [!provide]                PROVIDE (__end_noinit_USB_RAM = .)

.noinit         0x1ffff18c        0x0
                0x1ffff18c                _noinit = .
                [!provide]                PROVIDE (__start_noinit_RAM = .)
                [!provide]                PROVIDE (__start_noinit_SRAM = .)
 *(SORT_BY_ALIGNMENT(.noinit*))
                0x1ffff18c                . = ALIGN (0x4)
                0x1ffff18c                _end_noinit = .
                [!provide]                PROVIDE (__end_noinit_RAM = .)
                [!provide]                PROVIDE (__end_noinit_SRAM = .)
                0x00000400                _HeapSize = 0x400

.heap           0x1ffff18c      0x400
                0x1ffff18c                _pvHeapStart = .
                0x1ffff58c                . = (. + _HeapSize)
 *fill*         0x1ffff18c      0x400 
                0x1ffff58c                . = ALIGN (0x4)
                0x1ffff58c                _pvHeapLimit = .
                0x00000400                _StackSize = 0x400

.heap2stackfill
                0x1ffff58c      0x400
                0x1ffff98c                . = (. + _StackSize)
 *fill*         0x1ffff58c      0x400 

.stack          0x20002c00        0x0
                0x20002c00                _vStackBase = .
                0x20002c00                . = ALIGN (0x4)
                0x20003000                _vStackTop = (. + _StackSize)
                0x00000000                _image_start = LOADADDR (.text)
                0x00006240                _image_end = (LOADADDR (.data) + SIZEOF (.data))
                0x00006240                _image_size = (_image_end - _image_start)
OUTPUT(proj_ses_cpp.axf elf32-littlearm)

.debug_info     0x00000000    0x13ef9
 .debug_info    0x00000000      0x4d6 ./startup/startup_mkl27z644.o
 .debug_info    0x000004d6     0x18b2 ./source/Keyboard.o
 .debug_info    0x00001d88     0x1282 ./source/cpp_config.o
 .debug_info    0x0000300a       0x53 ./source/mtb.o
 .debug_info    0x0000305d     0x444a ./source/proj_ses_cpp.o
 .debug_info    0x000074a7       0x3c ./source/semihost_hardfault.o
 .debug_info    0x000074e3     0x1bfe ./drivers/fsl_clock.o
 .debug_info    0x000090e1     0x11d1 ./drivers/fsl_gpio.o
 .debug_info    0x0000a2b2     0x270f ./drivers/fsl_i2c.o
 .debug_info    0x0000c9c1     0x226d ./drivers/fsl_lpuart.o
 .debug_info    0x0000ec2e      0x3ed ./device/system_MKL27Z644.o
 .debug_info    0x0000f01b     0x195b ./component/timer/tpm_adapter.o
 .debug_info    0x00010976      0xf08 ./board/board.o
 .debug_info    0x0001187e     0x13af ./board/clock_config.o
 .debug_info    0x00012c2d       0x4e ./board/peripherals.o
 .debug_info    0x00012c7b     0x127e ./board/pin_mux.o

.debug_abbrev   0x00000000     0x29ef
 .debug_abbrev  0x00000000      0x192 ./startup/startup_mkl27z644.o
 .debug_abbrev  0x00000192      0x44f ./source/Keyboard.o
 .debug_abbrev  0x000005e1      0x33a ./source/cpp_config.o
 .debug_abbrev  0x0000091b       0x46 ./source/mtb.o
 .debug_abbrev  0x00000961      0x4a6 ./source/proj_ses_cpp.o
 .debug_abbrev  0x00000e07       0x31 ./source/semihost_hardfault.o
 .debug_abbrev  0x00000e38      0x384 ./drivers/fsl_clock.o
 .debug_abbrev  0x000011bc      0x2e3 ./drivers/fsl_gpio.o
 .debug_abbrev  0x0000149f      0x419 ./drivers/fsl_i2c.o
 .debug_abbrev  0x000018b8      0x3ce ./drivers/fsl_lpuart.o
 .debug_abbrev  0x00001c86      0x148 ./device/system_MKL27Z644.o
 .debug_abbrev  0x00001dce      0x35e ./component/timer/tpm_adapter.o
 .debug_abbrev  0x0000212c      0x273 ./board/board.o
 .debug_abbrev  0x0000239f      0x2a6 ./board/clock_config.o
 .debug_abbrev  0x00002645       0x4b ./board/peripherals.o
 .debug_abbrev  0x00002690      0x35f ./board/pin_mux.o

.debug_aranges  0x00000000      0x888
 .debug_aranges
                0x00000000      0x160 ./startup/startup_mkl27z644.o
 .debug_aranges
                0x00000160       0x38 ./source/Keyboard.o
 .debug_aranges
                0x00000198       0x48 ./source/cpp_config.o
 .debug_aranges
                0x000001e0       0x18 ./source/mtb.o
 .debug_aranges
                0x000001f8       0x48 ./source/proj_ses_cpp.o
 .debug_aranges
                0x00000240       0x20 ./source/semihost_hardfault.o
 .debug_aranges
                0x00000260       0xd0 ./drivers/fsl_clock.o
 .debug_aranges
                0x00000330       0x68 ./drivers/fsl_gpio.o
 .debug_aranges
                0x00000398      0x178 ./drivers/fsl_i2c.o
 .debug_aranges
                0x00000510      0x120 ./drivers/fsl_lpuart.o
 .debug_aranges
                0x00000630       0x30 ./device/system_MKL27Z644.o
 .debug_aranges
                0x00000660       0xc8 ./component/timer/tpm_adapter.o
 .debug_aranges
                0x00000728       0x30 ./board/board.o
 .debug_aranges
                0x00000758       0x80 ./board/clock_config.o
 .debug_aranges
                0x000007d8       0x28 ./board/peripherals.o
 .debug_aranges
                0x00000800       0x88 ./board/pin_mux.o

.debug_ranges   0x00000000      0x780
 .debug_ranges  0x00000000      0x150 ./startup/startup_mkl27z644.o
 .debug_ranges  0x00000150       0x28 ./source/Keyboard.o
 .debug_ranges  0x00000178       0x38 ./source/cpp_config.o
 .debug_ranges  0x000001b0       0x38 ./source/proj_ses_cpp.o
 .debug_ranges  0x000001e8       0x10 ./source/semihost_hardfault.o
 .debug_ranges  0x000001f8       0xc0 ./drivers/fsl_clock.o
 .debug_ranges  0x000002b8       0x58 ./drivers/fsl_gpio.o
 .debug_ranges  0x00000310      0x168 ./drivers/fsl_i2c.o
 .debug_ranges  0x00000478      0x110 ./drivers/fsl_lpuart.o
 .debug_ranges  0x00000588       0x20 ./device/system_MKL27Z644.o
 .debug_ranges  0x000005a8       0xb8 ./component/timer/tpm_adapter.o
 .debug_ranges  0x00000660       0x20 ./board/board.o
 .debug_ranges  0x00000680       0x70 ./board/clock_config.o
 .debug_ranges  0x000006f0       0x18 ./board/peripherals.o
 .debug_ranges  0x00000708       0x78 ./board/pin_mux.o

.debug_macro    0x00000000     0x304f
 .debug_macro   0x00000000       0x2a ./startup/startup_mkl27z644.o
 .debug_macro   0x0000002a      0xb86 ./startup/startup_mkl27z644.o
 .debug_macro   0x00000bb0      0x372 ./source/Keyboard.o
 .debug_macro   0x00000f22       0x16 ./source/Keyboard.o
 .debug_macro   0x00000f38      0x140 ./source/cpp_config.o
 .debug_macro   0x00001078      0x10e ./source/cpp_config.o
 .debug_macro   0x00001186       0x94 ./source/cpp_config.o
 .debug_macro   0x0000121a       0x2f ./source/mtb.o
 .debug_macro   0x00001249       0x82 ./source/mtb.o
 .debug_macro   0x000012cb       0x10 ./source/mtb.o
 .debug_macro   0x000012db      0x3ca ./source/proj_ses_cpp.o
 .debug_macro   0x000016a5       0x18 ./source/proj_ses_cpp.o
 .debug_macro   0x000016bd      0x1da ./source/proj_ses_cpp.o
 .debug_macro   0x00001897       0x10 ./source/proj_ses_cpp.o
 .debug_macro   0x000018a7       0x10 ./source/proj_ses_cpp.o
 .debug_macro   0x000018b7      0x3c7 ./source/proj_ses_cpp.o
 .debug_macro   0x00001c7e       0xf0 ./source/proj_ses_cpp.o
 .debug_macro   0x00001d6e       0x1c ./source/proj_ses_cpp.o
 .debug_macro   0x00001d8a       0x1c ./source/proj_ses_cpp.o
 .debug_macro   0x00001da6       0x11 ./source/semihost_hardfault.o
 .debug_macro   0x00001db7      0x20c ./drivers/fsl_clock.o
 .debug_macro   0x00001fc3      0x1df ./drivers/fsl_gpio.o
 .debug_macro   0x000021a2       0x10 ./drivers/fsl_gpio.o
 .debug_macro   0x000021b2      0x1df ./drivers/fsl_i2c.o
 .debug_macro   0x00002391       0x1c ./drivers/fsl_i2c.o
 .debug_macro   0x000023ad      0x1df ./drivers/fsl_lpuart.o
 .debug_macro   0x0000258c       0x10 ./drivers/fsl_lpuart.o
 .debug_macro   0x0000259c       0x7f ./device/system_MKL27Z644.o
 .debug_macro   0x0000261b       0xd7 ./device/system_MKL27Z644.o
 .debug_macro   0x000026f2      0x1e8 ./component/timer/tpm_adapter.o
 .debug_macro   0x000028da       0x1c ./component/timer/tpm_adapter.o
 .debug_macro   0x000028f6      0x2f4 ./board/board.o
 .debug_macro   0x00002bea       0x16 ./board/board.o
 .debug_macro   0x00002c00       0x22 ./board/board.o
 .debug_macro   0x00002c22      0x217 ./board/clock_config.o
 .debug_macro   0x00002e39       0x1b ./board/peripherals.o
 .debug_macro   0x00002e54      0x1e5 ./board/pin_mux.o
 .debug_macro   0x00003039       0x16 ./board/pin_mux.o

.debug_line     0x00000000     0x81a5
 .debug_line    0x00000000      0x201 ./startup/startup_mkl27z644.o
 .debug_line    0x00000201      0xbd0 ./source/Keyboard.o
 .debug_line    0x00000dd1      0x641 ./source/cpp_config.o
 .debug_line    0x00001412       0xd6 ./source/mtb.o
 .debug_line    0x000014e8      0xd04 ./source/proj_ses_cpp.o
 .debug_line    0x000021ec       0x59 ./source/semihost_hardfault.o
 .debug_line    0x00002245      0xad4 ./drivers/fsl_clock.o
 .debug_line    0x00002d19      0x75e ./drivers/fsl_gpio.o
 .debug_line    0x00003477     0x167b ./drivers/fsl_i2c.o
 .debug_line    0x00004af2     0x10d6 ./drivers/fsl_lpuart.o
 .debug_line    0x00005bc8      0x26d ./device/system_MKL27Z644.o
 .debug_line    0x00005e35      0x9f4 ./component/timer/tpm_adapter.o
 .debug_line    0x00006829      0x85b ./board/board.o
 .debug_line    0x00007084      0x79b ./board/clock_config.o
 .debug_line    0x0000781f       0x71 ./board/peripherals.o
 .debug_line    0x00007890      0x915 ./board/pin_mux.o

.debug_str      0x00000000    0x42108
 .debug_str     0x00000000     0x35d4 ./startup/startup_mkl27z644.o
                               0x3638 (size before relaxing)
 .debug_str     0x000035d4    0x38671 ./source/Keyboard.o
                              0x3bd2a (size before relaxing)
 .debug_str     0x0003bc45       0xdd ./source/cpp_config.o
                               0x84f1 (size before relaxing)
 .debug_str     0x0003bd22      0x706 ./source/mtb.o
                               0x3309 (size before relaxing)
 .debug_str     0x0003c428     0x1ed2 ./source/proj_ses_cpp.o
                              0x3db8f (size before relaxing)
 .debug_str     0x0003e2fa       0x1f ./source/semihost_hardfault.o
                               0x2df6 (size before relaxing)
 .debug_str     0x0003e319      0xb2b ./drivers/fsl_clock.o
                              0x37a8d (size before relaxing)
 .debug_str     0x0003ee44      0x10a ./drivers/fsl_gpio.o
                              0x36e1a (size before relaxing)
 .debug_str     0x0003ef4e      0xedd ./drivers/fsl_i2c.o
                              0x37d83 (size before relaxing)
 .debug_str     0x0003fe2b      0xdcd ./drivers/fsl_lpuart.o
                              0x37ead (size before relaxing)
 .debug_str     0x00040bf8       0x93 ./device/system_MKL27Z644.o
                              0x31ee6 (size before relaxing)
 .debug_str     0x00040c8b      0x9f8 ./component/timer/tpm_adapter.o
                              0x3794d (size before relaxing)
 .debug_str     0x00041683      0x12c ./board/board.o
                              0x38edd (size before relaxing)
 .debug_str     0x000417af      0x427 ./board/clock_config.o
                              0x37518 (size before relaxing)
 .debug_str     0x00041bd6       0x47 ./board/peripherals.o
                               0x2e1d (size before relaxing)
 .debug_str     0x00041c1d      0x4eb ./board/pin_mux.o
                              0x37c3f (size before relaxing)

.comment        0x00000000       0x79
 .comment       0x00000000       0x79 ./startup/startup_mkl27z644.o
                                 0x7a (size before relaxing)
 .comment       0x00000079       0x7a ./source/Keyboard.o
 .comment       0x00000079       0x7a ./source/cpp_config.o
 .comment       0x00000079       0x7a ./source/mtb.o
 .comment       0x00000079       0x7a ./source/proj_ses_cpp.o
 .comment       0x00000079       0x7a ./source/semihost_hardfault.o
 .comment       0x00000079       0x7a ./drivers/fsl_clock.o
 .comment       0x00000079       0x7a ./drivers/fsl_gpio.o
 .comment       0x00000079       0x7a ./drivers/fsl_i2c.o
 .comment       0x00000079       0x7a ./drivers/fsl_lpuart.o
 .comment       0x00000079       0x7a ./device/system_MKL27Z644.o
 .comment       0x00000079       0x7a ./component/timer/tpm_adapter.o
 .comment       0x00000079       0x7a ./board/board.o
 .comment       0x00000079       0x7a ./board/clock_config.o
 .comment       0x00000079       0x7a ./board/peripherals.o
 .comment       0x00000079       0x7a ./board/pin_mux.o
 .comment       0x00000079       0x7a c:/nxp/mcuxpressoide_11.2.0_4120/ide/plugins/com.nxp.mcuxpresso.tools.win32_11.2.0.202001021529/tools/bin/../lib/gcc/arm-none-eabi/9.2.1/../../../../arm-none-eabi/lib/thumb/v6-m/nofp\libcr_newlib_semihost.a(_cr_sbrk.o)
 .comment       0x00000079       0x7a c:/nxp/mcuxpressoide_11.2.0_4120/ide/plugins/com.nxp.mcuxpresso.tools.win32_11.2.0.202001021529/tools/bin/../lib/gcc/arm-none-eabi/9.2.1/../../../../arm-none-eabi/lib/thumb/v6-m/nofp\libcr_newlib_semihost.a(_exit.o)
 .comment       0x00000079       0x7a c:/nxp/mcuxpressoide_11.2.0_4120/ide/plugins/com.nxp.mcuxpresso.tools.win32_11.2.0.202001021529/tools/bin/../lib/gcc/arm-none-eabi/9.2.1/../../../../arm-none-eabi/lib/thumb/v6-m/nofp\libcr_newlib_semihost.a(_kill.o)
 .comment       0x00000079       0x7a c:/nxp/mcuxpressoide_11.2.0_4120/ide/plugins/com.nxp.mcuxpresso.tools.win32_11.2.0.202001021529/tools/bin/../lib/gcc/arm-none-eabi/9.2.1/../../../../arm-none-eabi/lib/thumb/v6-m/nofp\libcr_newlib_semihost.a(syscalls.o)
 .comment       0x00000079       0x7a c:/nxp/mcuxpressoide_11.2.0_4120/ide/plugins/com.nxp.mcuxpresso.tools.win32_11.2.0.202001021529/tools/bin/../lib/gcc/arm-none-eabi/9.2.1/../../../../arm-none-eabi/lib/thumb/v6-m/nofp\libcr_newlib_semihost.a(_cr_check_heap.o)

.ARM.attributes
                0x00000000       0x2a
 .ARM.attributes
                0x00000000       0x2c ./startup/startup_mkl27z644.o
 .ARM.attributes
                0x0000002c       0x2c ./source/Keyboard.o
 .ARM.attributes
                0x00000058       0x2c ./source/cpp_config.o
 .ARM.attributes
                0x00000084       0x32 ./source/mtb.o
 .ARM.attributes
                0x000000b6       0x2c ./source/proj_ses_cpp.o
 .ARM.attributes
                0x000000e2       0x2c ./source/semihost_hardfault.o
 .ARM.attributes
                0x0000010e       0x2c ./drivers/fsl_clock.o
 .ARM.attributes
                0x0000013a       0x2c ./drivers/fsl_gpio.o
 .ARM.attributes
                0x00000166       0x2c ./drivers/fsl_i2c.o
 .ARM.attributes
                0x00000192       0x2c ./drivers/fsl_lpuart.o
 .ARM.attributes
                0x000001be       0x2c ./device/system_MKL27Z644.o
 .ARM.attributes
                0x000001ea       0x2c ./component/timer/tpm_adapter.o
 .ARM.attributes
                0x00000216       0x2c ./board/board.o
 .ARM.attributes
                0x00000242       0x2c ./board/clock_config.o
 .ARM.attributes
                0x0000026e       0x2c ./board/peripherals.o
 .ARM.attributes
                0x0000029a       0x2c ./board/pin_mux.o
 .ARM.attributes
                0x000002c6       0x1e c:/nxp/mcuxpressoide_11.2.0_4120/ide/plugins/com.nxp.mcuxpresso.tools.win32_11.2.0.202001021529/tools/bin/../lib/gcc/arm-none-eabi/9.2.1/thumb/v6-m/nofp\libgcc.a(_udivsi3.o)
 .ARM.attributes
                0x000002e4       0x1e c:/nxp/mcuxpressoide_11.2.0_4120/ide/plugins/com.nxp.mcuxpresso.tools.win32_11.2.0.202001021529/tools/bin/../lib/gcc/arm-none-eabi/9.2.1/thumb/v6-m/nofp\libgcc.a(_divsi3.o)
 .ARM.attributes
                0x00000302       0x1e c:/nxp/mcuxpressoide_11.2.0_4120/ide/plugins/com.nxp.mcuxpresso.tools.win32_11.2.0.202001021529/tools/bin/../lib/gcc/arm-none-eabi/9.2.1/thumb/v6-m/nofp\libgcc.a(_dvmd_tls.o)
 .ARM.attributes
                0x00000320       0x2c c:/nxp/mcuxpressoide_11.2.0_4120/ide/plugins/com.nxp.mcuxpresso.tools.win32_11.2.0.202001021529/tools/bin/../lib/gcc/arm-none-eabi/9.2.1/thumb/v6-m/nofp\libgcc.a(adddf3.o)
 .ARM.attributes
                0x0000034c       0x2c c:/nxp/mcuxpressoide_11.2.0_4120/ide/plugins/com.nxp.mcuxpresso.tools.win32_11.2.0.202001021529/tools/bin/../lib/gcc/arm-none-eabi/9.2.1/thumb/v6-m/nofp\libgcc.a(muldf3.o)
 .ARM.attributes
                0x00000378       0x2c c:/nxp/mcuxpressoide_11.2.0_4120/ide/plugins/com.nxp.mcuxpresso.tools.win32_11.2.0.202001021529/tools/bin/../lib/gcc/arm-none-eabi/9.2.1/thumb/v6-m/nofp\libgcc.a(fixdfsi.o)
 .ARM.attributes
                0x000003a4       0x2c c:/nxp/mcuxpressoide_11.2.0_4120/ide/plugins/com.nxp.mcuxpresso.tools.win32_11.2.0.202001021529/tools/bin/../lib/gcc/arm-none-eabi/9.2.1/thumb/v6-m/nofp\libgcc.a(floatsidf.o)
 .ARM.attributes
                0x000003d0       0x1e c:/nxp/mcuxpressoide_11.2.0_4120/ide/plugins/com.nxp.mcuxpresso.tools.win32_11.2.0.202001021529/tools/bin/../lib/gcc/arm-none-eabi/9.2.1/thumb/v6-m/nofp\libgcc.a(_clzsi2.o)
 .ARM.attributes
                0x000003ee       0x2c c:/nxp/mcuxpressoide_11.2.0_4120/ide/plugins/com.nxp.mcuxpresso.tools.win32_11.2.0.202001021529/tools/bin/../lib/gcc/arm-none-eabi/9.2.1/../../../../arm-none-eabi/lib/thumb/v6-m/nofp\libc_nano.a(lib_a-assert.o)
 .ARM.attributes
                0x0000041a       0x2c c:/nxp/mcuxpressoide_11.2.0_4120/ide/plugins/com.nxp.mcuxpresso.tools.win32_11.2.0.202001021529/tools/bin/../lib/gcc/arm-none-eabi/9.2.1/../../../../arm-none-eabi/lib/thumb/v6-m/nofp\libc_nano.a(lib_a-fprintf.o)
 .ARM.attributes
                0x00000446       0x2c c:/nxp/mcuxpressoide_11.2.0_4120/ide/plugins/com.nxp.mcuxpresso.tools.win32_11.2.0.202001021529/tools/bin/../lib/gcc/arm-none-eabi/9.2.1/../../../../arm-none-eabi/lib/thumb/v6-m/nofp\libc_nano.a(lib_a-impure.o)
 .ARM.attributes
                0x00000472       0x2c c:/nxp/mcuxpressoide_11.2.0_4120/ide/plugins/com.nxp.mcuxpresso.tools.win32_11.2.0.202001021529/tools/bin/../lib/gcc/arm-none-eabi/9.2.1/../../../../arm-none-eabi/lib/thumb/v6-m/nofp\libc_nano.a(lib_a-init.o)
 .ARM.attributes
                0x0000049e       0x2c c:/nxp/mcuxpressoide_11.2.0_4120/ide/plugins/com.nxp.mcuxpresso.tools.win32_11.2.0.202001021529/tools/bin/../lib/gcc/arm-none-eabi/9.2.1/../../../../arm-none-eabi/lib/thumb/v6-m/nofp\libc_nano.a(lib_a-malloc.o)
 .ARM.attributes
                0x000004ca       0x2c c:/nxp/mcuxpressoide_11.2.0_4120/ide/plugins/com.nxp.mcuxpresso.tools.win32_11.2.0.202001021529/tools/bin/../lib/gcc/arm-none-eabi/9.2.1/../../../../arm-none-eabi/lib/thumb/v6-m/nofp\libc_nano.a(lib_a-memset.o)
 .ARM.attributes
                0x000004f6       0x2c c:/nxp/mcuxpressoide_11.2.0_4120/ide/plugins/com.nxp.mcuxpresso.tools.win32_11.2.0.202001021529/tools/bin/../lib/gcc/arm-none-eabi/9.2.1/../../../../arm-none-eabi/lib/thumb/v6-m/nofp\libc_nano.a(lib_a-nano-freer.o)
 .ARM.attributes
                0x00000522       0x2c c:/nxp/mcuxpressoide_11.2.0_4120/ide/plugins/com.nxp.mcuxpresso.tools.win32_11.2.0.202001021529/tools/bin/../lib/gcc/arm-none-eabi/9.2.1/../../../../arm-none-eabi/lib/thumb/v6-m/nofp\libc_nano.a(lib_a-nano-mallocr.o)
 .ARM.attributes
                0x0000054e       0x2c c:/nxp/mcuxpressoide_11.2.0_4120/ide/plugins/com.nxp.mcuxpresso.tools.win32_11.2.0.202001021529/tools/bin/../lib/gcc/arm-none-eabi/9.2.1/../../../../arm-none-eabi/lib/thumb/v6-m/nofp\libc_nano.a(lib_a-nano-vfprintf.o)
 .ARM.attributes
                0x0000057a       0x2c c:/nxp/mcuxpressoide_11.2.0_4120/ide/plugins/com.nxp.mcuxpresso.tools.win32_11.2.0.202001021529/tools/bin/../lib/gcc/arm-none-eabi/9.2.1/../../../../arm-none-eabi/lib/thumb/v6-m/nofp\libc_nano.a(lib_a-nano-vfprintf_i.o)
 .ARM.attributes
                0x000005a6       0x2c c:/nxp/mcuxpressoide_11.2.0_4120/ide/plugins/com.nxp.mcuxpresso.tools.win32_11.2.0.202001021529/tools/bin/../lib/gcc/arm-none-eabi/9.2.1/../../../../arm-none-eabi/lib/thumb/v6-m/nofp\libc_nano.a(lib_a-printf.o)
 .ARM.attributes
                0x000005d2       0x2c c:/nxp/mcuxpressoide_11.2.0_4120/ide/plugins/com.nxp.mcuxpresso.tools.win32_11.2.0.202001021529/tools/bin/../lib/gcc/arm-none-eabi/9.2.1/../../../../arm-none-eabi/lib/thumb/v6-m/nofp\libc_nano.a(lib_a-sbrkr.o)
 .ARM.attributes
                0x000005fe       0x2c c:/nxp/mcuxpressoide_11.2.0_4120/ide/plugins/com.nxp.mcuxpresso.tools.win32_11.2.0.202001021529/tools/bin/../lib/gcc/arm-none-eabi/9.2.1/../../../../arm-none-eabi/lib/thumb/v6-m/nofp\libc_nano.a(lib_a-wbuf.o)
 .ARM.attributes
                0x0000062a       0x2c c:/nxp/mcuxpressoide_11.2.0_4120/ide/plugins/com.nxp.mcuxpresso.tools.win32_11.2.0.202001021529/tools/bin/../lib/gcc/arm-none-eabi/9.2.1/../../../../arm-none-eabi/lib/thumb/v6-m/nofp\libc_nano.a(lib_a-wsetup.o)
 .ARM.attributes
                0x00000656       0x2c c:/nxp/mcuxpressoide_11.2.0_4120/ide/plugins/com.nxp.mcuxpresso.tools.win32_11.2.0.202001021529/tools/bin/../lib/gcc/arm-none-eabi/9.2.1/../../../../arm-none-eabi/lib/thumb/v6-m/nofp\libc_nano.a(lib_a-abort.o)
 .ARM.attributes
                0x00000682       0x2c c:/nxp/mcuxpressoide_11.2.0_4120/ide/plugins/com.nxp.mcuxpresso.tools.win32_11.2.0.202001021529/tools/bin/../lib/gcc/arm-none-eabi/9.2.1/../../../../arm-none-eabi/lib/thumb/v6-m/nofp\libc_nano.a(lib_a-fflush.o)
 .ARM.attributes
                0x000006ae       0x2c c:/nxp/mcuxpressoide_11.2.0_4120/ide/plugins/com.nxp.mcuxpresso.tools.win32_11.2.0.202001021529/tools/bin/../lib/gcc/arm-none-eabi/9.2.1/../../../../arm-none-eabi/lib/thumb/v6-m/nofp\libc_nano.a(lib_a-findfp.o)
 .ARM.attributes
                0x000006da       0x2c c:/nxp/mcuxpressoide_11.2.0_4120/ide/plugins/com.nxp.mcuxpresso.tools.win32_11.2.0.202001021529/tools/bin/../lib/gcc/arm-none-eabi/9.2.1/../../../../arm-none-eabi/lib/thumb/v6-m/nofp\libc_nano.a(lib_a-fwalk.o)
 .ARM.attributes
                0x00000706       0x2c c:/nxp/mcuxpressoide_11.2.0_4120/ide/plugins/com.nxp.mcuxpresso.tools.win32_11.2.0.202001021529/tools/bin/../lib/gcc/arm-none-eabi/9.2.1/../../../../arm-none-eabi/lib/thumb/v6-m/nofp\libc_nano.a(lib_a-lock.o)
 .ARM.attributes
                0x00000732       0x2c c:/nxp/mcuxpressoide_11.2.0_4120/ide/plugins/com.nxp.mcuxpresso.tools.win32_11.2.0.202001021529/tools/bin/../lib/gcc/arm-none-eabi/9.2.1/../../../../arm-none-eabi/lib/thumb/v6-m/nofp\libc_nano.a(lib_a-makebuf.o)
 .ARM.attributes
                0x0000075e       0x2c c:/nxp/mcuxpressoide_11.2.0_4120/ide/plugins/com.nxp.mcuxpresso.tools.win32_11.2.0.202001021529/tools/bin/../lib/gcc/arm-none-eabi/9.2.1/../../../../arm-none-eabi/lib/thumb/v6-m/nofp\libc_nano.a(lib_a-memchr-stub.o)
 .ARM.attributes
                0x0000078a       0x2c c:/nxp/mcuxpressoide_11.2.0_4120/ide/plugins/com.nxp.mcuxpresso.tools.win32_11.2.0.202001021529/tools/bin/../lib/gcc/arm-none-eabi/9.2.1/../../../../arm-none-eabi/lib/thumb/v6-m/nofp\libc_nano.a(lib_a-mlock.o)
 .ARM.attributes
                0x000007b6       0x2c c:/nxp/mcuxpressoide_11.2.0_4120/ide/plugins/com.nxp.mcuxpresso.tools.win32_11.2.0.202001021529/tools/bin/../lib/gcc/arm-none-eabi/9.2.1/../../../../arm-none-eabi/lib/thumb/v6-m/nofp\libc_nano.a(lib_a-reent.o)
 .ARM.attributes
                0x000007e2       0x2c c:/nxp/mcuxpressoide_11.2.0_4120/ide/plugins/com.nxp.mcuxpresso.tools.win32_11.2.0.202001021529/tools/bin/../lib/gcc/arm-none-eabi/9.2.1/../../../../arm-none-eabi/lib/thumb/v6-m/nofp\libc_nano.a(lib_a-signal.o)
 .ARM.attributes
                0x0000080e       0x2c c:/nxp/mcuxpressoide_11.2.0_4120/ide/plugins/com.nxp.mcuxpresso.tools.win32_11.2.0.202001021529/tools/bin/../lib/gcc/arm-none-eabi/9.2.1/../../../../arm-none-eabi/lib/thumb/v6-m/nofp\libc_nano.a(lib_a-signalr.o)
 .ARM.attributes
                0x0000083a       0x2c c:/nxp/mcuxpressoide_11.2.0_4120/ide/plugins/com.nxp.mcuxpresso.tools.win32_11.2.0.202001021529/tools/bin/../lib/gcc/arm-none-eabi/9.2.1/../../../../arm-none-eabi/lib/thumb/v6-m/nofp\libc_nano.a(lib_a-stdio.o)
 .ARM.attributes
                0x00000866       0x2c c:/nxp/mcuxpressoide_11.2.0_4120/ide/plugins/com.nxp.mcuxpresso.tools.win32_11.2.0.202001021529/tools/bin/../lib/gcc/arm-none-eabi/9.2.1/../../../../arm-none-eabi/lib/thumb/v6-m/nofp\libc_nano.a(lib_a-writer.o)
 .ARM.attributes
                0x00000892       0x2c c:/nxp/mcuxpressoide_11.2.0_4120/ide/plugins/com.nxp.mcuxpresso.tools.win32_11.2.0.202001021529/tools/bin/../lib/gcc/arm-none-eabi/9.2.1/../../../../arm-none-eabi/lib/thumb/v6-m/nofp\libc_nano.a(lib_a-closer.o)
 .ARM.attributes
                0x000008be       0x2c c:/nxp/mcuxpressoide_11.2.0_4120/ide/plugins/com.nxp.mcuxpresso.tools.win32_11.2.0.202001021529/tools/bin/../lib/gcc/arm-none-eabi/9.2.1/../../../../arm-none-eabi/lib/thumb/v6-m/nofp\libc_nano.a(lib_a-fstatr.o)
 .ARM.attributes
                0x000008ea       0x2c c:/nxp/mcuxpressoide_11.2.0_4120/ide/plugins/com.nxp.mcuxpresso.tools.win32_11.2.0.202001021529/tools/bin/../lib/gcc/arm-none-eabi/9.2.1/../../../../arm-none-eabi/lib/thumb/v6-m/nofp\libc_nano.a(lib_a-isattyr.o)
 .ARM.attributes
                0x00000916       0x2c c:/nxp/mcuxpressoide_11.2.0_4120/ide/plugins/com.nxp.mcuxpresso.tools.win32_11.2.0.202001021529/tools/bin/../lib/gcc/arm-none-eabi/9.2.1/../../../../arm-none-eabi/lib/thumb/v6-m/nofp\libc_nano.a(lib_a-lseekr.o)
 .ARM.attributes
                0x00000942       0x2c c:/nxp/mcuxpressoide_11.2.0_4120/ide/plugins/com.nxp.mcuxpresso.tools.win32_11.2.0.202001021529/tools/bin/../lib/gcc/arm-none-eabi/9.2.1/../../../../arm-none-eabi/lib/thumb/v6-m/nofp\libc_nano.a(lib_a-readr.o)
 .ARM.attributes
                0x0000096e       0x2c c:/nxp/mcuxpressoide_11.2.0_4120/ide/plugins/com.nxp.mcuxpresso.tools.win32_11.2.0.202001021529/tools/bin/../lib/gcc/arm-none-eabi/9.2.1/../../../../arm-none-eabi/lib/thumb/v6-m/nofp\libm.a(lib_a-w_pow.o)
 .ARM.attributes
                0x0000099a       0x2c c:/nxp/mcuxpressoide_11.2.0_4120/ide/plugins/com.nxp.mcuxpresso.tools.win32_11.2.0.202001021529/tools/bin/../lib/gcc/arm-none-eabi/9.2.1/../../../../arm-none-eabi/lib/thumb/v6-m/nofp\libm.a(lib_a-e_pow.o)
 .ARM.attributes
                0x000009c6       0x2c c:/nxp/mcuxpressoide_11.2.0_4120/ide/plugins/com.nxp.mcuxpresso.tools.win32_11.2.0.202001021529/tools/bin/../lib/gcc/arm-none-eabi/9.2.1/../../../../arm-none-eabi/lib/thumb/v6-m/nofp\libm.a(lib_a-e_sqrt.o)
 .ARM.attributes