core_cm0plus.h:741:22:__NVIC_EnableIRQ	16	static
core_cm0plus.h:850:22:__NVIC_SetPriority	24	static
fsl_common.h:484:28:EnableIRQ	16	static
fsl_tpm.h:526:20:TPM_ClearStatusFlags	16	static
fsl_tpm.h:574:20:TPM_SetTimerPeriod	16	static
fsl_tpm.h:591:24:TPM_GetCurrentTimerCount	16	static
fsl_tpm.h:608:20:TPM_StartTimer	24	static
fsl_tpm.h:626:20:TPM_StopTimer	16	static
tpm_adapter.c:58:13:HAL_TimerInterruptHandle	16	static
tpm_adapter.c:66:16:HAL_TimerGetInstance	16	static
tpm_adapter.c:76:13:HAL_TimerHwInit	40	static
tpm_adapter.c:108:6:TPM0_IRQHandler	8	static
tpm_adapter.c:136:20:HAL_TimerInit	32	static
tpm_adapter.c:159:6:HAL_TimerDeinit	16	static
tpm_adapter.c:168:6:HAL_TimerEnable	16	static
tpm_adapter.c:175:6:HAL_TimerDisable	16	static
tpm_adapter.c:182:6:HAL_TimerInstallCallback	24	static
tpm_adapter.c:188:10:HAL_TimerGetMaxTimeout	120	static
tpm_adapter.c:202:10:HAL_TimerGetCurrentTimerCount	64	static
tpm_adapter.c:210:20:HAL_TimerUpdateTimeout	40	static
tpm_adapter.c:228:6:HAL_TimerExitLowpower	16	static
tpm_adapter.c:234:6:HAL_TimerEnterLowpower	16	static
