startup_mkl27z644.cpp:243:6:void data_init(unsigned int, unsigned int, unsigned int)	8	static
startup_mkl27z644.cpp:252:6:void bss_init(unsigned int, unsigned int)	0	static
startup_mkl27z644.cpp:277:6:void ResetISR()	8	static
startup_mkl27z644.cpp:361:14:void NMI_Handler()	0	static
startup_mkl27z644.cpp:365:14:void HardFault_Handler()	0	static
startup_mkl27z644.cpp:369:14:void SVC_Handler()	0	static
startup_mkl27z644.cpp:373:14:void PendSV_Handler()	0	static
startup_mkl27z644.cpp:377:14:void SysTick_Handler()	0	static
startup_mkl27z644.cpp:385:14:void IntDefaultHandler()	0	static
startup_mkl27z644.cpp:395:14:void DMA0_IRQHandler()	8	static
startup_mkl27z644.cpp:399:14:void DMA1_IRQHandler()	8	static
startup_mkl27z644.cpp:403:14:void DMA2_IRQHandler()	8	static
startup_mkl27z644.cpp:407:14:void DMA3_IRQHandler()	8	static
startup_mkl27z644.cpp:411:14:void Reserved20_IRQHandler()	8	static
startup_mkl27z644.cpp:415:14:void FTFA_IRQHandler()	8	static
startup_mkl27z644.cpp:419:14:void PMC_IRQHandler()	8	static
startup_mkl27z644.cpp:423:14:void LLWU_IRQHandler()	8	static
startup_mkl27z644.cpp:427:14:void I2C0_IRQHandler()	8	static
startup_mkl27z644.cpp:431:14:void I2C1_IRQHandler()	8	static
startup_mkl27z644.cpp:435:14:void SPI0_IRQHandler()	8	static
startup_mkl27z644.cpp:439:14:void SPI1_IRQHandler()	8	static
startup_mkl27z644.cpp:443:14:void LPUART0_IRQHandler()	8	static
startup_mkl27z644.cpp:447:14:void LPUART1_IRQHandler()	8	static
startup_mkl27z644.cpp:451:14:void UART2_FLEXIO_IRQHandler()	8	static
startup_mkl27z644.cpp:455:14:void ADC0_IRQHandler()	8	static
startup_mkl27z644.cpp:459:14:void CMP0_IRQHandler()	8	static
startup_mkl27z644.cpp:463:14:void TPM0_IRQHandler()	8	static
startup_mkl27z644.cpp:467:14:void TPM1_IRQHandler()	8	static
startup_mkl27z644.cpp:471:14:void TPM2_IRQHandler()	8	static
startup_mkl27z644.cpp:475:14:void RTC_IRQHandler()	8	static
startup_mkl27z644.cpp:479:14:void RTC_Seconds_IRQHandler()	8	static
startup_mkl27z644.cpp:483:14:void PIT_IRQHandler()	8	static
startup_mkl27z644.cpp:487:14:void Reserved39_IRQHandler()	8	static
startup_mkl27z644.cpp:491:14:void USB0_IRQHandler()	8	static
startup_mkl27z644.cpp:495:14:void Reserved41_IRQHandler()	8	static
startup_mkl27z644.cpp:499:14:void Reserved42_IRQHandler()	8	static
startup_mkl27z644.cpp:503:14:void Reserved43_IRQHandler()	8	static
startup_mkl27z644.cpp:507:14:void LPTMR0_IRQHandler()	8	static
startup_mkl27z644.cpp:511:14:void Reserved45_IRQHandler()	8	static
startup_mkl27z644.cpp:515:14:void PORTA_IRQHandler()	8	static
startup_mkl27z644.cpp:519:14:void PORTB_PORTC_PORTD_PORTE_IRQHandler()	8	static
